Copyright 1986-2022 Xilinx, Inc. All Rights Reserved. Copyright 2022-2025 Advanced Micro Devices, Inc. All Rights Reserved.
---------------------------------------------------------------------------------------------------------------------------------------------
| Tool Version : Vivado v.2025.1 (lin64) Build 6140274 Wed May 21 22:58:25 MDT 2025
| Date         : Sat Jun 28 22:18:35 2025
| Host         : thinkpad-p1-gen-5 running 64-bit Ubuntu 25.04
| Command      : upgrade_ip
| Device       : xck26-sfvc784-2LV-c
---------------------------------------------------------------------------------------------------------------------------------------------

Upgrade Log for IP 'clocks_clk_wiz_0_1'

1. Summary
----------

SUCCESS in the update of clocks_clk_wiz_0_1 (xilinx.com:ip:clk_wiz:6.0 (Rev. 16)) to current project options.






Copyright 1986-2022 Xilinx, Inc. All Rights Reserved. Copyright 2022-2025 Advanced Micro Devices, Inc. All Rights Reserved.
---------------------------------------------------------------------------------------------------------------------------------------------
| Tool Version : Vivado v.2025.1 (lin64) Build 6140274 Wed May 21 22:58:25 MDT 2025
| Date         : Sat Jun 28 22:14:44 2025
| Host         : thinkpad-p1-gen-5 running 64-bit Ubuntu 25.04
| Command      : upgrade_ip
| Device       : xck26-sfvc784-2LV-c
---------------------------------------------------------------------------------------------------------------------------------------------

Upgrade Log for IP 'clocks_clk_wiz_0_1'

1. Summary
----------

SUCCESS in the update of clocks_clk_wiz_0_1 (xilinx.com:ip:clk_wiz:6.0 (Rev. 16)) to current project options.






Copyright 1986-2022 Xilinx, Inc. All Rights Reserved. Copyright 2022-2025 Advanced Micro Devices, Inc. All Rights Reserved.
---------------------------------------------------------------------------------------------------------------------------------------------
| Tool Version : Vivado v.2025.1 (lin64) Build 6140274 Wed May 21 22:58:25 MDT 2025
| Date         : Sat Jun 28 09:49:12 2025
| Host         : thinkpad-p1-gen-5 running 64-bit Ubuntu 25.04
| Command      : upgrade_ip
| Device       : xck26-sfvc784-2LV-c
---------------------------------------------------------------------------------------------------------------------------------------------

Upgrade Log for IP 'clocks_zynq_ultra_ps_e_0_0'

1. Summary
----------

SUCCESS in the update of clocks_zynq_ultra_ps_e_0_0 (xilinx.com:ip:zynq_ultra_ps_e:3.5 (Rev. 7)) to current project options.

2. Upgrade messages
-------------------

Set parameter PSU__GPIO_EMIO__PERIPHERAL__IO to value 95 (source 'default')
WARNING: upgrade cannot add parameter PSU__USE__USB3_0_HUB with default value 0 : a parameter called PSU__USE__USB3_0_HUB already exists in zynq_ultra_ps_e_v3_5
WARNING: upgrade cannot add parameter PSU__USE__USB3_1_HUB with default value 0 : a parameter called PSU__USE__USB3_1_HUB already exists in zynq_ultra_ps_e_v3_5
WARNING: upgrade cannot get value of parameter PSU__CRF_APB__DBG_TRACE_CTRL__FREQRANGE_MAX : there is no parameter called PSU__CRF_APB__DBG_TRACE_CTRL__FREQRANGE_MAX in zynq_ultra_ps_e_v3_5
WARNING: upgrade cannot set value of parameter PSU__CRF_APB__DBG_TRACE_CTRL__FREQRANGE_MAX to 125 : there is no parameter called PSU__CRF_APB__DBG_TRACE_CTRL__FREQRANGE_MAX
Set parameter PSU__PROTECTION__FPD_SEGMENTS to value SA:0xFD1A0000; SIZE:1280; UNIT:KB; RegionTZ:Secure; WrAllowed:Read/Write; subsystemId:PMU Firmware  |   SA:0xFD000000; SIZE:64; UNIT:KB; RegionTZ:Secure; WrAllowed:Read/Write; subsystemId:PMU Firmware  |   SA:0xFD010000; SIZE:64; UNIT:KB; RegionTZ:Secure; WrAllowed:Read/Write; subsystemId:PMU Firmware  |   SA:0xFD020000; SIZE:64; UNIT:KB; RegionTZ:Secure; WrAllowed:Read/Write; subsystemId:PMU Firmware  |   SA:0xFD030000; SIZE:64; UNIT:KB; RegionTZ:Secure; WrAllowed:Read/Write; subsystemId:PMU Firmware  |   SA:0xFD040000; SIZE:64; UNIT:KB; RegionTZ:Secure; WrAllowed:Read/Write; subsystemId:PMU Firmware  |   SA:0xFD050000; SIZE:64; UNIT:KB; RegionTZ:Secure; WrAllowed:Read/Write; subsystemId:PMU Firmware  |   SA:0xFD610000; SIZE:512; UNIT:KB; RegionTZ:Secure; WrAllowed:Read/Write; subsystemId:PMU Firmware  |   SA:0xFD5D0000; SIZE:64; UNIT:KB; RegionTZ:Secure; WrAllowed:Read/Write; subsystemId:PMU Firmware  |  SA:0xFD1A0000 ; SIZE:1280; UNIT:KB; RegionTZ:Secure ; WrAllowed:Read/Write; subsystemId:Secure Subsystem (source 'default')






Copyright 1986-2022 Xilinx, Inc. All Rights Reserved. Copyright 2022-2025 Advanced Micro Devices, Inc. All Rights Reserved.
---------------------------------------------------------------------------------------------------------------------------------------------
| Tool Version : Vivado v.2025.1 (lin64) Build 6140274 Wed May 21 22:58:25 MDT 2025
| Date         : Sat Jun 28 09:49:12 2025
| Host         : thinkpad-p1-gen-5 running 64-bit Ubuntu 25.04
| Command      : upgrade_ip
| Device       : xck26-sfvc784-2LV-c
---------------------------------------------------------------------------------------------------------------------------------------------

Upgrade Log for IP 'clocks_clk_wiz_0_1'

1. Summary
----------

SUCCESS in the update of clocks_clk_wiz_0_1 (xilinx.com:ip:clk_wiz:6.0 (Rev. 16)) to current project options.






Copyright 1986-2022 Xilinx, Inc. All Rights Reserved. Copyright 2022-2025 Advanced Micro Devices, Inc. All Rights Reserved.
---------------------------------------------------------------------------------------------------------------------------------------------
| Tool Version : Vivado v.2025.1 (lin64) Build 6140274 Wed May 21 22:58:25 MDT 2025
| Date         : Thu Jun 26 18:45:46 2025
| Host         : thinkpad-p1-gen-5 running 64-bit Ubuntu 25.04
| Command      : upgrade_ip
| Device       : xck26-sfvc784-2LV-c
---------------------------------------------------------------------------------------------------------------------------------------------

Upgrade Log for IP 'design_2_blk_mem_gen_0_0'

1. Summary
----------

SUCCESS in the upgrade of design_2_blk_mem_gen_0_0 (xilinx.com:ip:blk_mem_gen:8.4) from (Rev. 9) to (Rev. 11)






Copyright 1986-2022 Xilinx, Inc. All Rights Reserved. Copyright 2022-2025 Advanced Micro Devices, Inc. All Rights Reserved.
---------------------------------------------------------------------------------------------------------------------------------------------
| Tool Version : Vivado v.2025.1 (lin64) Build 6140274 Wed May 21 22:58:25 MDT 2025
| Date         : Thu Jun 26 18:45:44 2025
| Host         : thinkpad-p1-gen-5 running 64-bit Ubuntu 25.04
| Command      : upgrade_ip
| Device       : xck26-sfvc784-2LV-c
---------------------------------------------------------------------------------------------------------------------------------------------

Upgrade Log for IP 'design_1_blk_mem_gen_0_0'

1. Summary
----------

SUCCESS in the upgrade of design_1_blk_mem_gen_0_0 (xilinx.com:ip:blk_mem_gen:8.4) from (Rev. 9) to (Rev. 11)






Copyright 1986-2022 Xilinx, Inc. All Rights Reserved. Copyright 2022-2025 Advanced Micro Devices, Inc. All Rights Reserved.
---------------------------------------------------------------------------------------------------------------------------------------------
| Tool Version : Vivado v.2025.1 (lin64) Build 6140274 Wed May 21 22:58:25 MDT 2025
| Date         : Thu Jun 26 18:45:43 2025
| Host         : thinkpad-p1-gen-5 running 64-bit Ubuntu 25.04
| Command      : upgrade_ip
| Device       : xck26-sfvc784-2LV-c
---------------------------------------------------------------------------------------------------------------------------------------------

Upgrade Log for IP 'clocks_zynq_ultra_ps_e_0_0'

1. Summary
----------

SUCCESS in the upgrade of clocks_zynq_ultra_ps_e_0_0 (xilinx.com:ip:zynq_ultra_ps_e:3.5) from (Rev. 5) to (Rev. 7)

2. Upgrade messages
-------------------

Set parameter PSU__GPIO_EMIO__PERIPHERAL__IO to value 95 (source 'default')
WARNING: upgrade cannot add parameter PSU__USE__USB3_0_HUB with default value 0 : a parameter called PSU__USE__USB3_0_HUB already exists in zynq_ultra_ps_e_v3_5
WARNING: upgrade cannot add parameter PSU__USE__USB3_1_HUB with default value 0 : a parameter called PSU__USE__USB3_1_HUB already exists in zynq_ultra_ps_e_v3_5
Set parameter PSU__CRF_APB__DBG_TRACE_CTRL__FREQMHZ to value 125 (source 'default')
Set parameter PSU__CRF_APB__DBG_TRACE_CTRL__ACT_FREQMHZ to value 125 (source 'default')
WARNING: upgrade cannot get value of parameter PSU__CRF_APB__DBG_TRACE_CTRL__FREQRANGE_MAX : there is no parameter called PSU__CRF_APB__DBG_TRACE_CTRL__FREQRANGE_MAX in zynq_ultra_ps_e_v3_5
WARNING: upgrade cannot set value of parameter PSU__CRF_APB__DBG_TRACE_CTRL__FREQRANGE_MAX to 125 : there is no parameter called PSU__CRF_APB__DBG_TRACE_CTRL__FREQRANGE_MAX
Set parameter PSU__PROTECTION__FPD_SEGMENTS to value SA:0xFD1A0000; SIZE:1280; UNIT:KB; RegionTZ:Secure; WrAllowed:Read/Write; subsystemId:PMU Firmware |  SA:0xFD000000; SIZE:64; UNIT:KB; RegionTZ:Secure; WrAllowed:Read/Write; subsystemId:PMU Firmware |  SA:0xFD010000; SIZE:64; UNIT:KB; RegionTZ:Secure; WrAllowed:Read/Write; subsystemId:PMU Firmware |  SA:0xFD020000; SIZE:64; UNIT:KB; RegionTZ:Secure; WrAllowed:Read/Write; subsystemId:PMU Firmware |  SA:0xFD030000; SIZE:64; UNIT:KB; RegionTZ:Secure; WrAllowed:Read/Write; subsystemId:PMU Firmware |  SA:0xFD040000; SIZE:64; UNIT:KB; RegionTZ:Secure; WrAllowed:Read/Write; subsystemId:PMU Firmware |  SA:0xFD050000; SIZE:64; UNIT:KB; RegionTZ:Secure; WrAllowed:Read/Write; subsystemId:PMU Firmware |  SA:0xFD610000; SIZE:512; UNIT:KB; RegionTZ:Secure; WrAllowed:Read/Write; subsystemId:PMU Firmware |  SA:0xFD5D0000; SIZE:64; UNIT:KB; RegionTZ:Secure; WrAllowed:Read/Write; subsystemId:PMU Firmware | SA:0xFD1A0000 ; SIZE:1280; UNIT:KB; RegionTZ:Secure ; WrAllowed:Read/Write; subsystemId:Secure Subsystem (source 'default')






Copyright 1986-2022 Xilinx, Inc. All Rights Reserved. Copyright 2022-2025 Advanced Micro Devices, Inc. All Rights Reserved.
---------------------------------------------------------------------------------------------------------------------------------------------
| Tool Version : Vivado v.2025.1 (lin64) Build 6140274 Wed May 21 22:58:25 MDT 2025
| Date         : Thu Jun 26 18:45:43 2025
| Host         : thinkpad-p1-gen-5 running 64-bit Ubuntu 25.04
| Command      : upgrade_ip
| Device       : xck26-sfvc784-2LV-c
---------------------------------------------------------------------------------------------------------------------------------------------

Upgrade Log for IP 'clocks_clk_wiz_0_1'

1. Summary
----------

CAUTION (success, with warnings) in the upgrade of clocks_clk_wiz_0_1 (xilinx.com:ip:clk_wiz:6.0) from (Rev. 15) to (Rev. 16)

After upgrade, an IP may have parameter differences compared to the original customization. Please review the parameters within the IP customization GUI to ensure proper functionality.

2. Customization warnings
-------------------------

An attempt to modify the value of disabled parameter 'CLK_OUT2_PORT' from 'clk_out2' to 'clk200M' has been ignored for IP 'clocks_clk_wiz_0_1'

An attempt to modify the value of disabled parameter 'CLKOUT2_REQUESTED_OUT_FREQ' from '100.000' to '199.99800' has been ignored for IP 'clocks_clk_wiz_0_1'

An attempt to modify the value of disabled parameter 'CLKOUT3_REQUESTED_OUT_FREQ' from '100.000' to '500.000' has been ignored for IP 'clocks_clk_wiz_0_1'


3. Debug Commands
-----------------

  The following debug information can be passed to Vivado as Tcl commands,
in order to validate or debug the output of the upgrade flow.
  You may consult any warnings from within this upgrade, and alter or remove
the configuration parameter(s) which caused the warning; then execute the Tcl
commands, and use the IP Customization GUI to verify the IP configuration.

create_ip -vlnv xilinx.com:ip:clk_wiz:6.0 -user_name clocks_clk_wiz_0_1
set_property -dict "\
  CONFIG.AUTO_PRIMITIVE {MMCM} \
  CONFIG.AXI_DRP {false} \
  CONFIG.CALC_DONE {empty} \
  CONFIG.CDDCDONE_PORT {cddcdone} \
  CONFIG.CDDCREQ_PORT {cddcreq} \
  CONFIG.CLKFB_IN_N_PORT {clkfb_in_n} \
  CONFIG.CLKFB_IN_PORT {clkfb_in} \
  CONFIG.CLKFB_IN_P_PORT {clkfb_in_p} \
  CONFIG.CLKFB_IN_SIGNALING {SINGLE} \
  CONFIG.CLKFB_OUT_N_PORT {clkfb_out_n} \
  CONFIG.CLKFB_OUT_PORT {clkfb_out} \
  CONFIG.CLKFB_OUT_P_PORT {clkfb_out_p} \
  CONFIG.CLKFB_STOPPED_PORT {clkfb_stopped} \
  CONFIG.CLKIN1_JITTER_PS {100.0} \
  CONFIG.CLKIN1_UI_JITTER {0.010} \
  CONFIG.CLKIN2_JITTER_PS {100.0} \
  CONFIG.CLKIN2_UI_JITTER {0.010} \
  CONFIG.CLKOUT1_DRIVES {Buffer} \
  CONFIG.CLKOUT1_JITTER {94.863} \
  CONFIG.CLKOUT1_MATCHED_ROUTING {false} \
  CONFIG.CLKOUT1_PHASE_ERROR {87.181} \
  CONFIG.CLKOUT1_REQUESTED_DUTY_CYCLE {50.000} \
  CONFIG.CLKOUT1_REQUESTED_OUT_FREQ {299.99700} \
  CONFIG.CLKOUT1_REQUESTED_PHASE {0.000} \
  CONFIG.CLKOUT1_SEQUENCE_NUMBER {1} \
  CONFIG.CLKOUT1_USED {true} \
  CONFIG.CLKOUT2_DRIVES {Buffer} \
  CONFIG.CLKOUT2_JITTER {102.087} \
  CONFIG.CLKOUT2_MATCHED_ROUTING {false} \
  CONFIG.CLKOUT2_PHASE_ERROR {87.181} \
  CONFIG.CLKOUT2_REQUESTED_DUTY_CYCLE {50.000} \
  CONFIG.CLKOUT2_REQUESTED_OUT_FREQ {199.99800} \
  CONFIG.CLKOUT2_REQUESTED_PHASE {0.000} \
  CONFIG.CLKOUT2_SEQUENCE_NUMBER {1} \
  CONFIG.CLKOUT2_USED {false} \
  CONFIG.CLKOUT3_DRIVES {Buffer} \
  CONFIG.CLKOUT3_JITTER {97.082} \
  CONFIG.CLKOUT3_MATCHED_ROUTING {false} \
  CONFIG.CLKOUT3_PHASE_ERROR {98.575} \
  CONFIG.CLKOUT3_REQUESTED_DUTY_CYCLE {50.000} \
  CONFIG.CLKOUT3_REQUESTED_OUT_FREQ {500.000} \
  CONFIG.CLKOUT3_REQUESTED_PHASE {0.000} \
  CONFIG.CLKOUT3_SEQUENCE_NUMBER {1} \
  CONFIG.CLKOUT3_USED {false} \
  CONFIG.CLKOUT4_DRIVES {Buffer} \
  CONFIG.CLKOUT4_JITTER {130.958} \
  CONFIG.CLKOUT4_MATCHED_ROUTING {false} \
  CONFIG.CLKOUT4_PHASE_ERROR {98.575} \
  CONFIG.CLKOUT4_REQUESTED_DUTY_CYCLE {50.000} \
  CONFIG.CLKOUT4_REQUESTED_OUT_FREQ {100.000} \
  CONFIG.CLKOUT4_REQUESTED_PHASE {0.000} \
  CONFIG.CLKOUT4_SEQUENCE_NUMBER {1} \
  CONFIG.CLKOUT4_USED {false} \
  CONFIG.CLKOUT5_DRIVES {Buffer} \
  CONFIG.CLKOUT5_JITTER {0.0} \
  CONFIG.CLKOUT5_MATCHED_ROUTING {false} \
  CONFIG.CLKOUT5_PHASE_ERROR {0.0} \
  CONFIG.CLKOUT5_REQUESTED_DUTY_CYCLE {50.000} \
  CONFIG.CLKOUT5_REQUESTED_OUT_FREQ {100.000} \
  CONFIG.CLKOUT5_REQUESTED_PHASE {0.000} \
  CONFIG.CLKOUT5_SEQUENCE_NUMBER {1} \
  CONFIG.CLKOUT5_USED {false} \
  CONFIG.CLKOUT6_DRIVES {Buffer} \
  CONFIG.CLKOUT6_JITTER {0.0} \
  CONFIG.CLKOUT6_MATCHED_ROUTING {false} \
  CONFIG.CLKOUT6_PHASE_ERROR {0.0} \
  CONFIG.CLKOUT6_REQUESTED_DUTY_CYCLE {50.000} \
  CONFIG.CLKOUT6_REQUESTED_OUT_FREQ {100.000} \
  CONFIG.CLKOUT6_REQUESTED_PHASE {0.000} \
  CONFIG.CLKOUT6_SEQUENCE_NUMBER {1} \
  CONFIG.CLKOUT6_USED {false} \
  CONFIG.CLKOUT7_DRIVES {Buffer} \
  CONFIG.CLKOUT7_JITTER {0.0} \
  CONFIG.CLKOUT7_MATCHED_ROUTING {false} \
  CONFIG.CLKOUT7_PHASE_ERROR {0.0} \
  CONFIG.CLKOUT7_REQUESTED_DUTY_CYCLE {50.000} \
  CONFIG.CLKOUT7_REQUESTED_OUT_FREQ {100.000} \
  CONFIG.CLKOUT7_REQUESTED_PHASE {0.000} \
  CONFIG.CLKOUT7_SEQUENCE_NUMBER {1} \
  CONFIG.CLKOUT7_USED {false} \
  CONFIG.CLKOUTPHY_REQUESTED_FREQ {600.000} \
  CONFIG.CLK_IN1_BOARD_INTERFACE {Custom} \
  CONFIG.CLK_IN2_BOARD_INTERFACE {Custom} \
  CONFIG.CLK_IN_SEL_PORT {clk_in_sel} \
  CONFIG.CLK_OUT1_PORT {clk300M} \
  CONFIG.CLK_OUT1_USE_FINE_PS_GUI {false} \
  CONFIG.CLK_OUT2_PORT {clk200M} \
  CONFIG.CLK_OUT2_USE_FINE_PS_GUI {false} \
  CONFIG.CLK_OUT3_PORT {clk_out3} \
  CONFIG.CLK_OUT3_USE_FINE_PS_GUI {false} \
  CONFIG.CLK_OUT4_PORT {clk_out4} \
  CONFIG.CLK_OUT4_USE_FINE_PS_GUI {false} \
  CONFIG.CLK_OUT5_PORT {clk_out5} \
  CONFIG.CLK_OUT5_USE_FINE_PS_GUI {false} \
  CONFIG.CLK_OUT6_PORT {clk_out6} \
  CONFIG.CLK_OUT6_USE_FINE_PS_GUI {false} \
  CONFIG.CLK_OUT7_PORT {clk_out7} \
  CONFIG.CLK_OUT7_USE_FINE_PS_GUI {false} \
  CONFIG.CLK_VALID_PORT {CLK_VALID} \
  CONFIG.CLOCK_MGR_TYPE {auto} \
  CONFIG.Component_Name {clocks_clk_wiz_0_1} \
  CONFIG.DADDR_PORT {daddr} \
  CONFIG.DCLK_PORT {dclk} \
  CONFIG.DEN_PORT {den} \
  CONFIG.DIFF_CLK_IN1_BOARD_INTERFACE {Custom} \
  CONFIG.DIFF_CLK_IN2_BOARD_INTERFACE {Custom} \
  CONFIG.DIN_PORT {din} \
  CONFIG.DOUT_PORT {dout} \
  CONFIG.DRDY_PORT {drdy} \
  CONFIG.DWE_PORT {dwe} \
  CONFIG.ENABLE_CDDC {false} \
  CONFIG.ENABLE_CLKOUTPHY {false} \
  CONFIG.ENABLE_CLOCK_MONITOR {false} \
  CONFIG.ENABLE_USER_CLOCK0 {false} \
  CONFIG.ENABLE_USER_CLOCK1 {false} \
  CONFIG.ENABLE_USER_CLOCK2 {false} \
  CONFIG.ENABLE_USER_CLOCK3 {false} \
  CONFIG.Enable_PLL0 {false} \
  CONFIG.Enable_PLL1 {false} \
  CONFIG.FEEDBACK_SOURCE {FDBK_AUTO} \
  CONFIG.INPUT_CLK_STOPPED_PORT {input_clk_stopped} \
  CONFIG.INPUT_MODE {frequency} \
  CONFIG.INTERFACE_SELECTION {Enable_AXI} \
  CONFIG.IN_FREQ_UNITS {Units_MHz} \
  CONFIG.IN_JITTER_UNITS {Units_UI} \
  CONFIG.JITTER_OPTIONS {UI} \
  CONFIG.JITTER_SEL {No_Jitter} \
  CONFIG.LOCKED_PORT {locked} \
  CONFIG.MMCM_BANDWIDTH {OPTIMIZED} \
  CONFIG.MMCM_CLKFBOUT_MULT_F {12.000} \
  CONFIG.MMCM_CLKFBOUT_PHASE {0.000} \
  CONFIG.MMCM_CLKFBOUT_USE_FINE_PS {false} \
  CONFIG.MMCM_CLKIN1_PERIOD {10.000} \
  CONFIG.MMCM_CLKIN2_PERIOD {10.000} \
  CONFIG.MMCM_CLKOUT0_DIVIDE_F {4.000} \
  CONFIG.MMCM_CLKOUT0_DUTY_CYCLE {0.500} \
  CONFIG.MMCM_CLKOUT0_PHASE {0.000} \
  CONFIG.MMCM_CLKOUT0_USE_FINE_PS {false} \
  CONFIG.MMCM_CLKOUT1_DIVIDE {1} \
  CONFIG.MMCM_CLKOUT1_DUTY_CYCLE {0.500} \
  CONFIG.MMCM_CLKOUT1_PHASE {0.000} \
  CONFIG.MMCM_CLKOUT1_USE_FINE_PS {false} \
  CONFIG.MMCM_CLKOUT2_DIVIDE {1} \
  CONFIG.MMCM_CLKOUT2_DUTY_CYCLE {0.500} \
  CONFIG.MMCM_CLKOUT2_PHASE {0.000} \
  CONFIG.MMCM_CLKOUT2_USE_FINE_PS {false} \
  CONFIG.MMCM_CLKOUT3_DIVIDE {1} \
  CONFIG.MMCM_CLKOUT3_DUTY_CYCLE {0.500} \
  CONFIG.MMCM_CLKOUT3_PHASE {0.000} \
  CONFIG.MMCM_CLKOUT3_USE_FINE_PS {false} \
  CONFIG.MMCM_CLKOUT4_CASCADE {false} \
  CONFIG.MMCM_CLKOUT4_DIVIDE {1} \
  CONFIG.MMCM_CLKOUT4_DUTY_CYCLE {0.500} \
  CONFIG.MMCM_CLKOUT4_PHASE {0.000} \
  CONFIG.MMCM_CLKOUT4_USE_FINE_PS {false} \
  CONFIG.MMCM_CLKOUT5_DIVIDE {1} \
  CONFIG.MMCM_CLKOUT5_DUTY_CYCLE {0.500} \
  CONFIG.MMCM_CLKOUT5_PHASE {0.000} \
  CONFIG.MMCM_CLKOUT5_USE_FINE_PS {false} \
  CONFIG.MMCM_CLKOUT6_DIVIDE {1} \
  CONFIG.MMCM_CLKOUT6_DUTY_CYCLE {0.500} \
  CONFIG.MMCM_CLKOUT6_PHASE {0.000} \
  CONFIG.MMCM_CLKOUT6_USE_FINE_PS {false} \
  CONFIG.MMCM_CLOCK_HOLD {false} \
  CONFIG.MMCM_COMPENSATION {AUTO} \
  CONFIG.MMCM_DIVCLK_DIVIDE {1} \
  CONFIG.MMCM_NOTES {None} \
  CONFIG.MMCM_REF_JITTER1 {0.010} \
  CONFIG.MMCM_REF_JITTER2 {0.010} \
  CONFIG.MMCM_STARTUP_WAIT {false} \
  CONFIG.NUM_OUT_CLKS {1} \
  CONFIG.OPTIMIZE_CLOCKING_STRUCTURE_EN {false} \
  CONFIG.OVERRIDE_MMCM {false} \
  CONFIG.OVERRIDE_PLL {false} \
  CONFIG.PHASESHIFT_MODE {LATENCY} \
  CONFIG.PHASE_DUTY_CONFIG {false} \
  CONFIG.PLATFORM {UNKNOWN} \
  CONFIG.PLL_BANDWIDTH {OPTIMIZED} \
  CONFIG.PLL_CLKFBOUT_MULT {4} \
  CONFIG.PLL_CLKFBOUT_PHASE {0.000} \
  CONFIG.PLL_CLKIN_PERIOD {10.000} \
  CONFIG.PLL_CLKOUT0_DIVIDE {1} \
  CONFIG.PLL_CLKOUT0_DUTY_CYCLE {0.500} \
  CONFIG.PLL_CLKOUT0_PHASE {0.000} \
  CONFIG.PLL_CLKOUT1_DIVIDE {1} \
  CONFIG.PLL_CLKOUT1_DUTY_CYCLE {0.500} \
  CONFIG.PLL_CLKOUT1_PHASE {0.000} \
  CONFIG.PLL_CLKOUT2_DIVIDE {1} \
  CONFIG.PLL_CLKOUT2_DUTY_CYCLE {0.500} \
  CONFIG.PLL_CLKOUT2_PHASE {0.000} \
  CONFIG.PLL_CLKOUT3_DIVIDE {1} \
  CONFIG.PLL_CLKOUT3_DUTY_CYCLE {0.500} \
  CONFIG.PLL_CLKOUT3_PHASE {0.000} \
  CONFIG.PLL_CLKOUT4_DIVIDE {1} \
  CONFIG.PLL_CLKOUT4_DUTY_CYCLE {0.500} \
  CONFIG.PLL_CLKOUT4_PHASE {0.000} \
  CONFIG.PLL_CLKOUT5_DIVIDE {1} \
  CONFIG.PLL_CLKOUT5_DUTY_CYCLE {0.500} \
  CONFIG.PLL_CLKOUT5_PHASE {0.000} \
  CONFIG.PLL_CLK_FEEDBACK {CLKFBOUT} \
  CONFIG.PLL_COMPENSATION {SYSTEM_SYNCHRONOUS} \
  CONFIG.PLL_DIVCLK_DIVIDE {1} \
  CONFIG.PLL_NOTES {None} \
  CONFIG.PLL_REF_JITTER {0.010} \
  CONFIG.POWER_DOWN_PORT {power_down} \
  CONFIG.PRECISION {1} \
  CONFIG.PRIMARY_PORT {clk_in1} \
  CONFIG.PRIMITIVE {MMCM} \
  CONFIG.PRIMTYPE_SEL {mmcm_adv} \
  CONFIG.PRIM_IN_FREQ {99.999} \
  CONFIG.PRIM_IN_JITTER {0.010} \
  CONFIG.PRIM_IN_TIMEPERIOD {10.000} \
  CONFIG.PRIM_SOURCE {Single_ended_clock_capable_pin} \
  CONFIG.PSCLK_PORT {psclk} \
  CONFIG.PSDONE_PORT {psdone} \
  CONFIG.PSEN_PORT {psen} \
  CONFIG.PSINCDEC_PORT {psincdec} \
  CONFIG.REF_CLK_FREQ {100.0} \
  CONFIG.RELATIVE_INCLK {REL_PRIMARY} \
  CONFIG.RESET_BOARD_INTERFACE {Custom} \
  CONFIG.RESET_PORT {resetn} \
  CONFIG.RESET_TYPE {ACTIVE_LOW} \
  CONFIG.SECONDARY_IN_FREQ {100.000} \
  CONFIG.SECONDARY_IN_JITTER {0.010} \
  CONFIG.SECONDARY_IN_TIMEPERIOD {10.000} \
  CONFIG.SECONDARY_PORT {clk_in2} \
  CONFIG.SECONDARY_SOURCE {Single_ended_clock_capable_pin} \
  CONFIG.SS_MODE {CENTER_HIGH} \
  CONFIG.SS_MOD_FREQ {250} \
  CONFIG.SS_MOD_TIME {0.004} \
  CONFIG.STATUS_PORT {STATUS} \
  CONFIG.SUMMARY_STRINGS {empty} \
  CONFIG.USER_CLK_FREQ0 {100.0} \
  CONFIG.USER_CLK_FREQ1 {100.0} \
  CONFIG.USER_CLK_FREQ2 {100.0} \
  CONFIG.USER_CLK_FREQ3 {100.0} \
  CONFIG.USE_BOARD_FLOW {false} \
  CONFIG.USE_CLKFB_STOPPED {false} \
  CONFIG.USE_CLK_VALID {false} \
  CONFIG.USE_CLOCK_SEQUENCING {false} \
  CONFIG.USE_DYN_PHASE_SHIFT {false} \
  CONFIG.USE_DYN_RECONFIG {false} \
  CONFIG.USE_FREEZE {false} \
  CONFIG.USE_FREQ_SYNTH {true} \
  CONFIG.USE_INCLK_STOPPED {false} \
  CONFIG.USE_INCLK_SWITCHOVER {false} \
  CONFIG.USE_LOCKED {false} \
  CONFIG.USE_MAX_I_JITTER {false} \
  CONFIG.USE_MIN_O_JITTER {false} \
  CONFIG.USE_MIN_POWER {false} \
  CONFIG.USE_PHASE_ALIGNMENT {false} \
  CONFIG.USE_POWER_DOWN {false} \
  CONFIG.USE_RESET {true} \
  CONFIG.USE_SAFE_CLOCK_STARTUP {false} \
  CONFIG.USE_SPREAD_SPECTRUM {false} \
  CONFIG.USE_STATUS {false} \
  CONFIG.resetn.BOARD.ASSOCIATED_PARAM {RESET_BOARD_INTERFACE} \
  CONFIG.resetn.INSERT_VIP {0} \
  CONFIG.resetn.POLARITY {ACTIVE_LOW} " [get_ips clocks_clk_wiz_0_1]







Copyright 1986-2022 Xilinx, Inc. All Rights Reserved. Copyright 2022-2025 Advanced Micro Devices, Inc. All Rights Reserved.
---------------------------------------------------------------------------------------------------------------------------------------------
| Tool Version : Vivado v.2025.1 (lin64) Build 6140274 Wed May 21 22:58:25 MDT 2025
| Date         : Thu Jun 26 18:45:33 2025
| Host         : thinkpad-p1-gen-5 running 64-bit Ubuntu 25.04
| Command      : upgrade_ip
| Device       : xck26-sfvc784-2LV-c
---------------------------------------------------------------------------------------------------------------------------------------------

Upgrade Log for IP 'baremetal_block_blk_mem_gen_0_0'

1. Summary
----------

SUCCESS in the upgrade of baremetal_block_blk_mem_gen_0_0 (xilinx.com:ip:blk_mem_gen:8.4) from (Rev. 9) to (Rev. 11)






Copyright 1986-2022 Xilinx, Inc. All Rights Reserved. Copyright 2022-2025 Advanced Micro Devices, Inc. All Rights Reserved.
---------------------------------------------------------------------------------------------------------------------------------------------
| Tool Version : Vivado v.2025.1 (lin64) Build 6140274 Wed May 21 22:58:25 MDT 2025
| Date         : Thu Jun 26 18:45:33 2025
| Host         : thinkpad-p1-gen-5 running 64-bit Ubuntu 25.04
| Command      : upgrade_ip
| Device       : xck26-sfvc784-2LV-c
---------------------------------------------------------------------------------------------------------------------------------------------

Upgrade Log for IP 'baremetal_block_axi_bram_ctrl_0_0'

1. Summary
----------

SUCCESS in the upgrade of baremetal_block_axi_bram_ctrl_0_0 (xilinx.com:ip:axi_bram_ctrl:4.1) from (Rev. 11) to (Rev. 13)

2. Upgrade messages
-------------------

WARNING: upgrade cannot remove parameter C_SELECT_XPM : there is no parameter called C_SELECT_XPM in axi_bram_ctrl_v4_1






Copyright 1986-2022 Xilinx, Inc. All Rights Reserved. Copyright 2022-2025 Advanced Micro Devices, Inc. All Rights Reserved.
---------------------------------------------------------------------------------------------------------------------------------------------
| Tool Version : Vivado v.2025.1 (lin64) Build 6140274 Wed May 21 22:58:25 MDT 2025
| Date         : Thu Jun 26 18:45:33 2025
| Host         : thinkpad-p1-gen-5 running 64-bit Ubuntu 25.04
| Command      : upgrade_ip
| Device       : xck26-sfvc784-2LV-c
---------------------------------------------------------------------------------------------------------------------------------------------

Upgrade Log for IP 'baremetal_block_ahblite_axi_bridge_0_0'

1. Summary
----------

SUCCESS in the upgrade of baremetal_block_ahblite_axi_bridge_0_0 (xilinx.com:ip:ahblite_axi_bridge:3.0) from (Rev. 28) to (Rev. 29)






Copyright 1986-2022 Xilinx, Inc. All Rights Reserved. Copyright 2022-2024 Advanced Micro Devices, Inc. All Rights Reserved.
---------------------------------------------------------------------------------------------------------------------------------------------
| Tool Version : Vivado v.2024.2 (lin64) Build 5239630 Fri Nov 08 22:34:34 MST 2024
| Date         : Fri Dec  6 22:32:47 2024
| Host         : gen-5 running 64-bit Ubuntu 24.04.1 LTS
| Command      : upgrade_ip
| Device       : xck26-sfvc784-2LV-c
---------------------------------------------------------------------------------------------------------------------------------------------

Upgrade Log for IP 'design_2_blk_mem_gen_0_0'

1. Summary
----------

SUCCESS in the upgrade of design_2_blk_mem_gen_0_0 (xilinx.com:ip:blk_mem_gen:8.4) from (Rev. 8) to (Rev. 9)






Copyright 1986-2022 Xilinx, Inc. All Rights Reserved. Copyright 2022-2024 Advanced Micro Devices, Inc. All Rights Reserved.
---------------------------------------------------------------------------------------------------------------------------------------------
| Tool Version : Vivado v.2024.2 (lin64) Build 5239630 Fri Nov 08 22:34:34 MST 2024
| Date         : Fri Dec  6 22:32:45 2024
| Host         : gen-5 running 64-bit Ubuntu 24.04.1 LTS
| Command      : upgrade_ip
| Device       : xck26-sfvc784-2LV-c
---------------------------------------------------------------------------------------------------------------------------------------------

Upgrade Log for IP 'design_1_blk_mem_gen_0_0'

1. Summary
----------

SUCCESS in the upgrade of design_1_blk_mem_gen_0_0 (xilinx.com:ip:blk_mem_gen:8.4) from (Rev. 8) to (Rev. 9)

