#
# An unexpected error has occurred (7) Bus error
#
Stack:
/lib/x86_64-linux-gnu/libc.so.6(+0x45f60) [0x7153d5045f60]
/home/ishfisav/Desktop/amd2025.2/2025.2/Vivado/lib/lnx64.o/libxv_commontasks.so(+0x3aa906) [0x7153d27aa906]
/home/ishfisav/Desktop/amd2025.2/2025.2/Vivado/lib/lnx64.o/libxv_commontasks.so(+0x3a72f4) [0x7153d27a72f4]
/home/ishfisav/Desktop/amd2025.2/2025.2/Vivado/lib/lnx64.o/libxv_commontasks.so(+0x3a7afa) [0x7153d27a7afa]
/home/ishfisav/Desktop/amd2025.2/2025.2/Vivado/lib/lnx64.o/libxv_commontasks.so(+0x3a7c0c) [0x7153d27a7c0c]
/home/ishfisav/Desktop/amd2025.2/2025.2/Vivado/lib/lnx64.o/libxv_common.so(+0x81e9c4) [0x7153e0a1e9c4]
/home/ishfisav/Desktop/amd2025.2/2025.2/Vivado/lib/lnx64.o/libtcl8.6.so(TclNRRunCallbacks+0x47) [0x7153dca84497]
/home/ishfisav/Desktop/amd2025.2/2025.2/Vivado/lib/lnx64.o/libxv_commontasks.so(+0x468ac4) [0x7153d2868ac4]
/home/ishfisav/Desktop/amd2025.2/2025.2/Vivado/lib/lnx64.o/libtcl8.6.so(TclNRRunCallbacks+0x47) [0x7153dca84497]
/home/ishfisav/Desktop/amd2025.2/2025.2/Vivado/lib/lnx64.o/libtcl8.6.so(+0x45309) [0x7153dca86309]
/home/ishfisav/Desktop/amd2025.2/2025.2/Vivado/lib/lnx64.o/libtcl8.6.so(Tcl_FSEvalFileEx+0x1f8) [0x7153dcb3bae8]
/home/ishfisav/Desktop/amd2025.2/2025.2/Vivado/lib/lnx64.o/libxv_commontasks.so(+0x48349d) [0x7153d288349d]
/home/ishfisav/Desktop/amd2025.2/2025.2/Vivado/lib/lnx64.o/libxv_common.so(+0x81e9c4) [0x7153e0a1e9c4]
/home/ishfisav/Desktop/amd2025.2/2025.2/Vivado/lib/lnx64.o/libtcl8.6.so(TclNRRunCallbacks+0x47) [0x7153dca84497]
/home/ishfisav/Desktop/amd2025.2/2025.2/Vivado/lib/lnx64.o/libxv_commontasks.so(+0x48f913) [0x7153d288f913]
/home/ishfisav/Desktop/amd2025.2/2025.2/Vivado/lib/lnx64.o/libxv_common.so(+0x81e9c4) [0x7153e0a1e9c4]
/home/ishfisav/Desktop/amd2025.2/2025.2/Vivado/lib/lnx64.o/libtcl8.6.so(TclNRRunCallbacks+0x47) [0x7153dca84497]
/home/ishfisav/Desktop/amd2025.2/2025.2/Vivado/lib/lnx64.o/libtcl8.6.so(+0x45309) [0x7153dca86309]
/home/ishfisav/Desktop/amd2025.2/2025.2/Vivado/lib/lnx64.o/libtcl8.6.so(Tcl_FSEvalFileEx+0x1f8) [0x7153dcb3bae8]
/home/ishfisav/Desktop/amd2025.2/2025.2/Vivado/lib/lnx64.o/libxv_commontasks.so(+0x48349d) [0x7153d288349d]
/home/ishfisav/Desktop/amd2025.2/2025.2/Vivado/lib/lnx64.o/libxv_common.so(+0x81e9c4) [0x7153e0a1e9c4]
/home/ishfisav/Desktop/amd2025.2/2025.2/Vivado/lib/lnx64.o/libtcl8.6.so(TclNRRunCallbacks+0x47) [0x7153dca84497]
/home/ishfisav/Desktop/amd2025.2/2025.2/Vivado/lib/lnx64.o/libxv_commontasks.so(+0x45abb4) [0x7153d285abb4]
/home/ishfisav/Desktop/amd2025.2/2025.2/Vivado/lib/lnx64.o/libxv_commontasks.so(+0x45caed) [0x7153d285caed]
/home/ishfisav/Desktop/amd2025.2/2025.2/Vivado/lib/lnx64.o/libxv_common.so(+0x81e9c4) [0x7153e0a1e9c4]
/home/ishfisav/Desktop/amd2025.2/2025.2/Vivado/lib/lnx64.o/libtcl8.6.so(TclNRRunCallbacks+0x47) [0x7153dca84497]
/home/ishfisav/Desktop/amd2025.2/2025.2/Vivado/lib/lnx64.o/libxv_commonmain.so(+0x12dfb) [0x7153e146adfb]
/home/ishfisav/Desktop/amd2025.2/2025.2/Vivado/lib/lnx64.o/libtcl8.6.so(Tcl_MainEx+0x1a8) [0x7153dcb43038]
/home/ishfisav/Desktop/amd2025.2/2025.2/Vivado/lib/lnx64.o/libxv_common.so(+0xada064) [0x7153e0cda064]
/lib/x86_64-linux-gnu/libc.so.6(+0xa3d64) [0x7153d50a3d64]
/lib/x86_64-linux-gnu/libc.so.6(+0x1373bc) [0x7153d51373bc]
