#-----------------------------------------------------------
# Vivado v2025.2 (64-bit)
# SW Build 6299465 on Fri Nov 14 12:34:56 MST 2025
# IP Build 6300035 on Fri Nov 14 10:48:45 MST 2025
# SharedData Build 6298862 on Thu Nov 13 04:50:51 MST 2025
# Start of session at: Tue Dec 16 14:46:31 2025
# Process ID         : 47093
# Current directory  : /home/ishfisav/wally_1/wally_1.runs/synth_1_copy_6
# Command line       : vivado -log wallypipelinedsoc.vds -product Vivado -mode batch -messageDb vivado.pb -notrace -source wallypipelinedsoc.tcl
# Log file           : /home/ishfisav/wally_1/wally_1.runs/synth_1_copy_6/wallypipelinedsoc.vds
# Journal file       : /home/ishfisav/wally_1/wally_1.runs/synth_1_copy_6/vivado.jou
# Running On         : thinkpad-p1-gen-5
# Platform           : Ubuntu
# Operating System   : Ubuntu 25.10
# Processor Detail   : 12th Gen Intel(R) Core(TM) i7-12800H
# CPU Frequency      : 400.821 MHz
# CPU Physical cores : 14
# CPU Logical cores  : 20
# Host memory        : 32763 MB
# Swap memory        : 103079 MB
# Total Virtual      : 135842 MB
# Available Virtual  : 110979 MB
#-----------------------------------------------------------
source wallypipelinedsoc.tcl -notrace
