#-----------------------------------------------------------
# Vivado v2024.2 (64-bit)
# SW Build 5239630 on Fri Nov 08 22:34:34 MST 2024
# IP Build 5239520 on Sun Nov 10 16:12:51 MST 2024
# SharedData Build 5239561 on Fri Nov 08 14:39:27 MST 2024
# Start of session at: Sat Mar  1 17:51:08 2025
# Process ID         : 90254
# Current directory  : /home/ishfisav/wally_1/wally_1.runs/impl_1
# Command line       : vivado -log wallypipelinedsoc.vdi -applog -product Vivado -messageDb vivado.pb -mode batch -source wallypipelinedsoc.tcl -notrace
# Log file           : /home/ishfisav/wally_1/wally_1.runs/impl_1/wallypipelinedsoc.vdi
# Journal file       : /home/ishfisav/wally_1/wally_1.runs/impl_1/vivado.jou
# Running On         : thinkpad-p1-gen-5
# Platform           : Ubuntu
# Operating System   : Ubuntu 24.10
# Processor Detail   : 12th Gen Intel(R) Core(TM) i7-12800H
# CPU Frequency      : 428.740 MHz
# CPU Physical cores : 14
# CPU Logical cores  : 20
# Host memory        : 32764 MB
# Swap memory        : 103079 MB
# Total Virtual      : 135843 MB
# Available Virtual  : 125459 MB
#-----------------------------------------------------------
source wallypipelinedsoc.tcl -notrace
