Copyright 1986-2022 Xilinx, Inc. All Rights Reserved. Copyright 2022-2024 Advanced Micro Devices, Inc. All Rights Reserved.
-----------------------------------------------------------------------------------------------------------------------------------------------------------------------------------------
| Tool Version : Vivado v.2024.2 (lin64) Build 5239630 Fri Nov 08 22:34:34 MST 2024
| Date         : Thu May 15 23:38:04 2025
| Host         : thinkpad-p1-gen-5 running 64-bit Ubuntu 25.04
| Command      : report_methodology -file wallypipelinedsoc_methodology_drc_routed.rpt -pb wallypipelinedsoc_methodology_drc_routed.pb -rpx wallypipelinedsoc_methodology_drc_routed.rpx
| Design       : wallypipelinedsoc
| Device       : xck26-sfvc784-2LV-c
| Speed File   : -2LV
| Design State : Fully Routed
-----------------------------------------------------------------------------------------------------------------------------------------------------------------------------------------

Report Methodology

Table of Contents
-----------------
1. REPORT SUMMARY
2. REPORT DETAILS

1. REPORT SUMMARY
-----------------
            Netlist: netlist
          Floorplan: design_1
      Design limits: <entire design considered>
             Max checks: <unlimited>
             Checks found: 22
+-----------+----------+-------------------------------+--------+
| Rule      | Severity | Description                   | Checks |
+-----------+----------+-------------------------------+--------+
| TIMING-18 | Warning  | Missing input or output delay | 22     |
+-----------+----------+-------------------------------+--------+

2. REPORT DETAILS
-----------------
TIMING-18#1 Warning
Missing input or output delay  
An input delay is missing on ExternalStall relative to the rising and/or falling clock edge(s) of clk100M.
Related violations: <none>

TIMING-18#2 Warning
Missing input or output delay  
An output delay is missing on HBURST[0] relative to the rising and/or falling clock edge(s) of clk100M.
Related violations: <none>

TIMING-18#3 Warning
Missing input or output delay  
An output delay is missing on HBURST[1] relative to the rising and/or falling clock edge(s) of clk100M.
Related violations: <none>

TIMING-18#4 Warning
Missing input or output delay  
An output delay is missing on HBURST[2] relative to the rising and/or falling clock edge(s) of clk100M.
Related violations: <none>

TIMING-18#5 Warning
Missing input or output delay  
An output delay is missing on HPROT[0] relative to the rising and/or falling clock edge(s) of clk100M.
Related violations: <none>

TIMING-18#6 Warning
Missing input or output delay  
An output delay is missing on HPROT[1] relative to the rising and/or falling clock edge(s) of clk100M.
Related violations: <none>

TIMING-18#7 Warning
Missing input or output delay  
An output delay is missing on HPROT[2] relative to the rising and/or falling clock edge(s) of clk100M.
Related violations: <none>

TIMING-18#8 Warning
Missing input or output delay  
An output delay is missing on HPROT[3] relative to the rising and/or falling clock edge(s) of clk100M.
Related violations: <none>

TIMING-18#9 Warning
Missing input or output delay  
An output delay is missing on HSIZE[0] relative to the rising and/or falling clock edge(s) of clk100M.
Related violations: <none>

TIMING-18#10 Warning
Missing input or output delay  
An output delay is missing on HSIZE[1] relative to the rising and/or falling clock edge(s) of clk100M.
Related violations: <none>

TIMING-18#11 Warning
Missing input or output delay  
An output delay is missing on HSIZE[2] relative to the rising and/or falling clock edge(s) of clk100M.
Related violations: <none>

TIMING-18#12 Warning
Missing input or output delay  
An output delay is missing on HTRANS[0] relative to the rising and/or falling clock edge(s) of clk100M.
Related violations: <none>

TIMING-18#13 Warning
Missing input or output delay  
An output delay is missing on HTRANS[1] relative to the rising and/or falling clock edge(s) of clk100M.
Related violations: <none>

TIMING-18#14 Warning
Missing input or output delay  
An output delay is missing on HWRITE relative to the rising and/or falling clock edge(s) of clk100M.
Related violations: <none>

TIMING-18#15 Warning
Missing input or output delay  
An output delay is missing on HWSTRB[0] relative to the rising and/or falling clock edge(s) of clk100M.
Related violations: <none>

TIMING-18#16 Warning
Missing input or output delay  
An output delay is missing on HWSTRB[1] relative to the rising and/or falling clock edge(s) of clk100M.
Related violations: <none>

TIMING-18#17 Warning
Missing input or output delay  
An output delay is missing on HWSTRB[2] relative to the rising and/or falling clock edge(s) of clk100M.
Related violations: <none>

TIMING-18#18 Warning
Missing input or output delay  
An output delay is missing on HWSTRB[3] relative to the rising and/or falling clock edge(s) of clk100M.
Related violations: <none>

TIMING-18#19 Warning
Missing input or output delay  
An output delay is missing on HWSTRB[4] relative to the rising and/or falling clock edge(s) of clk100M.
Related violations: <none>

TIMING-18#20 Warning
Missing input or output delay  
An output delay is missing on HWSTRB[5] relative to the rising and/or falling clock edge(s) of clk100M.
Related violations: <none>

TIMING-18#21 Warning
Missing input or output delay  
An output delay is missing on HWSTRB[6] relative to the rising and/or falling clock edge(s) of clk100M.
Related violations: <none>

TIMING-18#22 Warning
Missing input or output delay  
An output delay is missing on HWSTRB[7] relative to the rising and/or falling clock edge(s) of clk100M.
Related violations: <none>


