Copyright 1986-2022 Xilinx, Inc. All Rights Reserved. Copyright 2022-2024 Advanced Micro Devices, Inc. All Rights Reserved.
---------------------------------------------------------------------------------------------------------------------------------------------
| Tool Version : Vivado v.2024.2 (lin64) Build 5239630 Fri Nov 08 22:34:34 MST 2024
| Date         : Sat Mar  1 21:31:25 2025
| Host         : thinkpad-p1-gen-5 running 64-bit Ubuntu 24.10
| Command      : report_incremental_reuse -file wallypipelinedsoc_incremental_reuse_pre_placed.rpt
| Design       : wallypipelinedsoc
| Device       : xck26
| Design State : Unknown
---------------------------------------------------------------------------------------------------------------------------------------------

Incremental Implementation Information

Table of Contents
-----------------
1. Incremental Flow Summary
2. Reuse Summary
3. Reference Checkpoint Information
4. Comparison with Reference Run
5. Optimization Comparison With Reference Run
5.1 iphys_opt_replay Optimizations
5.2 QoR Suggestion Optimizations
6. Command Comparison with Reference Run
6.1 Reference:
6.2 Incremental:
7. Non Reuse Information

1. Incremental Flow Summary
---------------------------

+-----------------------+---------+
|    Flow Information   |  Value  |
+-----------------------+---------+
| Synthesis Flow        | Default |
| Auto Incremental      |     Yes |
| Incremental Directive |   Quick |
| Target WNS            |     0.0 |
| QoR Suggestions       |       0 |
+-----------------------+---------+


2. Reuse Summary
----------------

+-------+----------------------+----------------------------+--------------------+-------+
|  Type | Matched % (of Total) | Current Reuse % (of Total) | Fixed % (of Total) | Total |
+-------+----------------------+----------------------------+--------------------+-------+
| Cells |                99.04 |                      94.14 |               0.85 |  5008 |
| Nets  |                99.16 |                      87.70 |               0.00 |  3376 |
| Pins  |                    - |                      87.73 |                  - | 24799 |
| Ports |               100.00 |                     100.00 |             100.00 |   109 |
+-------+----------------------+----------------------------+--------------------+-------+


3. Reference Checkpoint Information
-----------------------------------

+----------------+-----------------------------------------------------------------------------------------+
| DCP Location:  | /home/ishfisav/wally_1/wally_1.srcs/utils_1/imports/impl_1/wallypipelinedsoc_routed.dcp |
+----------------+-----------------------------------------------------------------------------------------+


+--------------------------------+----------------------------+
|         DCP Information        |            Value           |
+--------------------------------+----------------------------+
| Vivado Version                 |                     2024.2 |
| DCP State                      |                 POST_ROUTE |
| Recorded WNS                   |                        N/A |
| Recorded WHS                   |                      0.000 |
| Reference Speed File Version   | PRODUCTION 1.30 05-15-2022 |
| Incremental Speed File Version | PRODUCTION 1.30 05-15-2022 |
+--------------------------------+----------------------------+
* Recorded WNS/WHS timing numbers are estimated timing numbers. They may vary slightly from sign-off timing numbers.


4. Comparison with Reference Run
--------------------------------

+-----------------+---------------------------+---------------------------+---------------------------+
|                 |          WNS(ns)          |  Runtime(elapsed)(hh:mm)  |    Runtime(cpu)(hh:mm)    |
+-----------------+-------------+-------------+-------------+-------------+-------------+-------------+
|      Stage      |  Reference  | Incremental |  Reference  | Incremental |  Reference  | Incremental |
+-----------------+-------------+-------------+-------------+-------------+-------------+-------------+
| synth_design    |             |             |       00:01 |       00:01 |       00:02 |       00:02 |
| opt_design      |             |             |     < 1 min |     < 1 min |     < 1 min |     < 1 min |
| read_checkpoint |             |             |             |     < 1 min |             |     < 1 min |
| place_design    |         N/A |             |     < 1 min |             |       00:01 |             |
| phys_opt_design |         N/A |             |     < 1 min |             |     < 1 min |             |
| route_design    |         N/A |             |     < 1 min |             |     < 1 min |             |
+-----------------+-------------+-------------+-------------+-------------+-------------+-------------+


5. Optimization Comparison With Reference Run
---------------------------------------------

5.1 iphys_opt_replay Optimizations
----------------------------------

+-------------------------+--------+------------+
| iphys_opt_design replay | Reused | Not Reused |
+-------------------------+--------+------------+


5.2 QoR Suggestion Optimizations
--------------------------------

+-----------------+-------+
| QoR Suggestions | Value |
+-----------------+-------+


6. Command Comparison with Reference Run
----------------------------------------

6.1 Reference:
--------------
synth_design-define default::[not_specified] -verilog_define default::[not_specified] -vhdl_define default::[not_specified] -top  wallypipelinedsoc -part  xck24-ubva530-2LV-c 
opt_design
place_design
phys_opt_design
route_design

6.2 Incremental:
----------------
synth_design-define default::[not_specified] -verilog_define default::[not_specified] -vhdl_define default::[not_specified] -top  wallypipelinedsoc -part  xck24-ubva530-2LV-c 
opt_design
read_checkpoint -directive Quick  -incremental -auto_incremental /home/ishfisav/wally_1/wally_1.srcs/utils_1/imports/impl_1/wallypipelinedsoc_routed.dcp

7. Non Reuse Information
------------------------

+------------------------------------------------------+------+
|                         Type                         |   %  |
+------------------------------------------------------+------+
| Non-Reused Cells                                     | 5.85 |
|   New                                                | 0.93 |
|   Discarded illegal placement due to netlist changes | 4.91 |
| Partially reused nets                                | 5.47 |
| Non-Reused nets                                      | 6.81 |
| Non-Reused Ports                                     | 0.00 |
+------------------------------------------------------+------+


