Copyright 1986-2022 Xilinx, Inc. All Rights Reserved. Copyright 2022-2024 Advanced Micro Devices, Inc. All Rights Reserved.
---------------------------------------------------------------------------------------------------------------------------------------------
| Tool Version : Vivado v.2024.2 (lin64) Build 5239630 Fri Nov 08 22:34:34 MST 2024
| Date         : Sat Apr 12 00:07:33 2025
| Host         : thinkpad-p1-gen-5 running 64-bit Ubuntu 24.10
| Command      : report_control_sets -verbose -file wallypipelinedsoc_control_sets_placed.rpt
| Design       : wallypipelinedsoc
| Device       : xck26
---------------------------------------------------------------------------------------------------------------------------------------------

Control Set Information

Table of Contents
-----------------
1. Summary
2. Histogram
3. Flip-Flop Distribution
4. Detailed Control Set Information

1. Summary
----------

+----------------------------------------------------------+-------+
|                          Status                          | Count |
+----------------------------------------------------------+-------+
| Total control sets                                       |   266 |
|    Minimum number of control sets                        |   266 |
|    Addition due to synthesis replication                 |     0 |
|    Addition due to physical synthesis replication        |     0 |
| Unused register locations in slices containing registers |   381 |
+----------------------------------------------------------+-------+
* Control sets can be merged at opt_design using control_set_merge or merge_equivalent_drivers
** Run report_qor_suggestions for automated merging and remapping suggestions


2. Histogram
------------

+--------------------+-------+
|       Fanout       | Count |
+--------------------+-------+
| Total control sets |   266 |
| >= 0 to < 4        |   203 |
| >= 4 to < 6        |    18 |
| >= 6 to < 8        |    21 |
| >= 8 to < 10       |     5 |
| >= 10 to < 12      |     0 |
| >= 12 to < 14      |     0 |
| >= 14 to < 16      |     0 |
| >= 16              |    19 |
+--------------------+-------+
* Control sets can be remapped at either synth_design or opt_design


3. Flip-Flop Distribution
-------------------------

+--------------+-----------------------+------------------------+-----------------+--------------+
| Clock Enable | Synchronous Set/Reset | Asynchronous Set/Reset | Total Registers | Total Slices |
+--------------+-----------------------+------------------------+-----------------+--------------+
| No           | No                    | No                     |             221 |           71 |
| No           | No                    | Yes                    |               0 |            0 |
| No           | Yes                   | No                     |               6 |            5 |
| Yes          | No                    | No                     |            1362 |          293 |
| Yes          | No                    | Yes                    |               0 |            0 |
| Yes          | Yes                   | No                     |             230 |           83 |
+--------------+-----------------------+------------------------+-----------------+--------------+


4. Detailed Control Set Information
-----------------------------------

+-----------------+--------------------------------------------------------------------------------------------------------------+--------------------------------------------------------------------------------+------------------+----------------+--------------+
|   Clock Signal  |                                                 Enable Signal                                                |                                Set/Reset Signal                                | Slice Load Count | Bel Load Count | Bels / Slice |
+-----------------+--------------------------------------------------------------------------------------------------------------+--------------------------------------------------------------------------------+------------------+----------------+--------------+
|  HCLK_OBUF_BUFG | core/lsu/dmmu.dmmu/tlb.tlb/tlbcam/camlines[5]/validbitflop/q_reg[0]_CE_cooolgate_en_sig_195                  |                                                                                |                1 |              1 |         1.00 |
|  HCLK_OBUF_BUFG | core/ifu/immu.immu/tlb.tlb/tlbcam/camlines[28]/validbitflop/q_reg[0]_CE_cooolgate_en_sig_205                 |                                                                                |                1 |              1 |         1.00 |
|  HCLK_OBUF_BUFG | core/ifu/immu.immu/tlb.tlb/tlbcam/camlines[0]/validbitflop/q_reg[0]_CE_cooolgate_en_sig_200                  |                                                                                |                1 |              1 |         1.00 |
|  HCLK_OBUF_BUFG | core/lsu/dmmu.dmmu/tlb.tlb/tlbcam/camlines[0]/validbitflop/q_reg[0]_CE_cooolgate_en_sig_203                  |                                                                                |                1 |              1 |         1.00 |
|  HCLK_OBUF_BUFG | core/lsu/dmmu.dmmu/tlb.tlb/tlbcam/camlines[21]/validbitflop/q_reg[0]_CE_cooolgate_en_sig_191                 |                                                                                |                1 |              1 |         1.00 |
|  HCLK_OBUF_BUFG | core/lsu/dmmu.dmmu/tlb.tlb/tlbcam/camlines[24]/validbitflop/q_reg[0]_CE_cooolgate_en_sig_192                 |                                                                                |                1 |              1 |         1.00 |
|  HCLK_OBUF_BUFG | core/ifu/immu.immu/tlb.tlb/tlbcam/camlines[7]/validbitflop/q_reg[0]_CE_cooolgate_en_sig_177                  |                                                                                |                1 |              1 |         1.00 |
|  HCLK_OBUF_BUFG | core/lsu/dmmu.dmmu/tlb.tlb/tlbcam/camlines[20]/validbitflop/q_reg[0]_CE_cooolgate_en_sig_153                 |                                                                                |                1 |              1 |         1.00 |
|  HCLK_OBUF_BUFG | core/ifu/immu.immu/tlb.tlb/tlbcam/camlines[3]/validbitflop/q_reg[0]_CE_cooolgate_en_sig_174                  |                                                                                |                1 |              1 |         1.00 |
|  HCLK_OBUF_BUFG | core/lsu/dmmu.dmmu/tlb.tlb/tlbcam/camlines[23]/validbitflop/q_reg[0]_CE_cooolgate_en_sig_155                 |                                                                                |                1 |              1 |         1.00 |
|  HCLK_OBUF_BUFG | core/ifu/immu.immu/tlb.tlb/tlbcam/camlines[6]/validbitflop/q_reg[0]_CE_cooolgate_en_sig_176                  |                                                                                |                1 |              1 |         1.00 |
|  HCLK_OBUF_BUFG | core/lsu/bus.dcache.dcache/cachefsm/FSM_sequential_CurrState_reg[0]_CE_cooolgate_en_sig_216                  | core/lsu/hptw.hptw/WalkerStateReg/IgnoreRequest                                |                1 |              1 |         1.00 |
|  HCLK_OBUF_BUFG | core/lsu/dmmu.dmmu/tlb.tlb/tlbcam/camlines[3]/validbitflop/q_reg[0]_CE_cooolgate_en_sig_194                  |                                                                                |                1 |              1 |         1.00 |
|  HCLK_OBUF_BUFG | core/lsu/dmmu.dmmu/tlb.tlb/tlbcam/camlines[27]/validbitflop/q_reg[0]_CE_cooolgate_en_sig_157                 |                                                                                |                1 |              1 |         1.00 |
|  HCLK_OBUF_BUFG | core/lsu/bus.dcache.ahbcacheinterface/AHBBuscachefsm/FSM_onehot_CurrState_reg[2]_CE_cooolgate_en_sig_228     | core/lsu/hptw.hptw/WalkerStateReg/IgnoreRequest                                |                1 |              1 |         1.00 |
|  HCLK_OBUF_BUFG | core/lsu/dmmu.dmmu/tlb.tlb/tlbcam/camlines[22]/validbitflop/q_reg[0]_CE_cooolgate_en_sig_154                 |                                                                                |                1 |              1 |         1.00 |
|  HCLK_OBUF_BUFG | core/lsu/bus.dcache.dcache/cachefsm/FSM_sequential_CurrState_reg[1]_CE_cooolgate_en_sig_215                  | core/lsu/hptw.hptw/WalkerStateReg/IgnoreRequest                                |                1 |              1 |         1.00 |
|  HCLK_OBUF_BUFG | core/ieu/c/controlregM/q_reg[20]_CE_cooolgate_en_sig_212                                                     |                                                                                |                1 |              1 |         1.00 |
|  HCLK_OBUF_BUFG | core/ifu/immu.immu/tlb.tlb/tlbcam/camlines[20]/keyflop/q_reg[0]_CE_cooolgate_en_sig_24                       |                                                                                |                1 |              1 |         1.00 |
|  HCLK_OBUF_BUFG | core/lsu/dmmu.dmmu/tlb.tlb/tlbcam/camlines[1]/validbitflop/q_reg[0]_CE_cooolgate_en_sig_190                  |                                                                                |                1 |              1 |         1.00 |
|  HCLK_OBUF_BUFG | core/ifu/immu.immu/tlb.tlb/tlbcam/camlines[21]/validbitflop/q_reg[0]_CE_cooolgate_en_sig_170                 |                                                                                |                1 |              1 |         1.00 |
|  HCLK_OBUF_BUFG | core/ifu/immu.immu/tlb.tlb/tlbcam/camlines[17]/validbitflop/q_reg[0]_CE_cooolgate_en_sig_166                 |                                                                                |                1 |              1 |         1.00 |
|  HCLK_OBUF_BUFG | core/ifu/immu.immu/tlb.tlb/tlbcam/camlines[23]/keyflop/q_reg[0]_CE_cooolgate_en_sig_30                       |                                                                                |                1 |              1 |         1.00 |
|  HCLK_OBUF_BUFG | core/ifu/bus.icache.icache/cachefsm/FSM_sequential_CurrState_reg[2]_CE_cooolgate_en_sig_214                  | core/ieu/c/controlregE/FlushE                                                  |                1 |              1 |         1.00 |
|  HCLK_OBUF_BUFG | core/ifu/immu.immu/tlb.tlb/tlbcam/camlines[27]/keyflop/q_reg[0]_CE_cooolgate_en_sig_36                       |                                                                                |                1 |              1 |         1.00 |
|  HCLK_OBUF_BUFG | core/ifu/immu.immu/tlb.tlb/tlbcam/camlines[24]/validbitflop/q_reg[0]_CE_cooolgate_en_sig_171                 |                                                                                |                1 |              1 |         1.00 |
|  HCLK_OBUF_BUFG | core/lsu/dmmu.dmmu/tlb.tlb/tlbcam/camlines[8]/validbitflop/q_reg[0]_CE_cooolgate_en_sig_198                  |                                                                                |                1 |              1 |         1.00 |
|  HCLK_OBUF_BUFG | core/ifu/immu.immu/tlb.tlb/tlbcam/camlines[25]/keyflop/q_reg[0]_CE_cooolgate_en_sig_33                       |                                                                                |                1 |              1 |         1.00 |
|  HCLK_OBUF_BUFG | core/lsu/hptw.hptw/WalkerStateReg/q_reg[2]_2                                                                 | core/ieu/c/controlregE/q[0]_i_1__79_n_0                                        |                1 |              1 |         1.00 |
|  HCLK_OBUF_BUFG | core/lsu/bus.dcache.dcache/cachefsm/FSM_sequential_CurrState_reg[2]_CE_cooolgate_en_sig_213                  | core/lsu/hptw.hptw/WalkerStateReg/IgnoreRequest                                |                1 |              1 |         1.00 |
|  HCLK_OBUF_BUFG |                                                                                                              | core/ebu.ebu/ebufsmarb/BeatCounter/cntrflop/reset0                             |                1 |              1 |         1.00 |
|  HCLK_OBUF_BUFG | core/ifu/immu.immu/tlb.tlb/tlbcam/camlines[26]/validbitflop/q_reg[0]_CE_cooolgate_en_sig_172                 |                                                                                |                1 |              1 |         1.00 |
|  HCLK_OBUF_BUFG | core/ifu/immu.immu/tlb.tlb/tlbcam/camlines[19]/validbitflop/q_reg[0]_CE_cooolgate_en_sig_168                 |                                                                                |                1 |              1 |         1.00 |
|  HCLK_OBUF_BUFG | core/ifu/immu.immu/tlb.tlb/tlbcam/camlines[30]/validbitflop/q_reg[0]_CE_cooolgate_en_sig_173                 |                                                                                |                1 |              1 |         1.00 |
|  HCLK_OBUF_BUFG | core/lsu/dmmu.dmmu/tlb.tlb/tlbcam/camlines[25]/validbitflop/q_reg[0]_CE_cooolgate_en_sig_156                 |                                                                                |                1 |              1 |         1.00 |
|  HCLK_OBUF_BUFG | core/ifu/immu.immu/tlb.tlb/tlbcam/camlines[22]/keyflop/q_reg[0]_CE_cooolgate_en_sig_27                       |                                                                                |                1 |              1 |         1.00 |
|  HCLK_OBUF_BUFG | core/ifu/bus.icache.ahbcacheinterface/AHBBuscachefsm/FSM_sequential_CurrState_reg[2]_CE_cooolgate_en_sig_211 | core/ieu/c/controlregE/FlushE                                                  |                1 |              1 |         1.00 |
|  HCLK_OBUF_BUFG | core/lsu/dmmu.dmmu/tlb.tlb/tlbcam/camlines[26]/validbitflop/q_reg[0]_CE_cooolgate_en_sig_193                 |                                                                                |                1 |              1 |         1.00 |
|  HCLK_OBUF_BUFG | core/lsu/dmmu.dmmu/tlb.tlb/lru/lrustate/q_reg[29]_0                                                          |                                                                                |                1 |              1 |         1.00 |
|  HCLK_OBUF_BUFG | core/lsu/dmmu.dmmu/tlb.tlb/lru/lrustate/q_reg[30]_0                                                          |                                                                                |                1 |              1 |         1.00 |
|  HCLK_OBUF_BUFG | core/ifu/immu.immu/tlb.tlb/tlbcam/camlines[18]/validbitflop/q_reg[0]_CE_cooolgate_en_sig_167                 |                                                                                |                1 |              1 |         1.00 |
|  HCLK_OBUF_BUFG | core/ifu/immu.immu/tlb.tlb/tlbcam/camlines[1]/validbitflop/q_reg[0]_CE_cooolgate_en_sig_169                  |                                                                                |                1 |              1 |         1.00 |
|  HCLK_OBUF_BUFG | core/ifu/immu.immu/tlb.tlb/tlbcam/camlines[5]/validbitflop/q_reg[0]_CE_cooolgate_en_sig_175                  |                                                                                |                1 |              1 |         1.00 |
|  HCLK_OBUF_BUFG | core/ifu/immu.immu/tlb.tlb/tlbcam/camlines[2]/validbitflop/q_reg[0]_CE_cooolgate_en_sig_202                  |                                                                                |                1 |              1 |         1.00 |
|  HCLK_OBUF_BUFG | core/ifu/immu.immu/tlb.tlb/tlbcam/camlines[29]/validbitflop/q_reg[0]_CE_cooolgate_en_sig_201                 |                                                                                |                1 |              1 |         1.00 |
|  HCLK_OBUF_BUFG | core/ifu/bus.icache.icache/cachefsm/FSM_sequential_CurrState_reg[1]_CE_cooolgate_en_sig_210                  | core/ieu/c/controlregE/FlushE                                                  |                1 |              1 |         1.00 |
|  HCLK_OBUF_BUFG | core/lsu/hptw.hptw/WalkerStateReg/q_reg[2]_CE_cooolgate_en_sig_218                                           |                                                                                |                1 |              1 |         1.00 |
|  HCLK_OBUF_BUFG | core/lsu/bus.dcache.ahbcacheinterface/AHBBuscachefsm/FSM_onehot_CurrState_reg[1]_CE_cooolgate_en_sig_227     | core/lsu/hptw.hptw/WalkerStateReg/IgnoreRequest                                |                1 |              1 |         1.00 |
|  HCLK_OBUF_BUFG | core/lsu/dmmu.dmmu/tlb.tlb/tlbcam/camlines[2]/validbitflop/q_reg[0]_CE_cooolgate_en_sig_204                  |                                                                                |                1 |              1 |         1.00 |
|  HCLK_OBUF_BUFG | core/ieu/c/controlregD/q_reg[0]_CE_cooolgate_en_sig_209                                                      |                                                                                |                1 |              1 |         1.00 |
|  HCLK_OBUF_BUFG | core/lsu/dmmu.dmmu/tlb.tlb/tlbcam/camlines[6]/validbitflop/q_reg[0]_CE_cooolgate_en_sig_196                  |                                                                                |                1 |              1 |         1.00 |
|  HCLK_OBUF_BUFG | core/lsu/dmmu.dmmu/tlb.tlb/tlbcam/camlines[9]/validbitflop/q_reg[0]_CE_cooolgate_en_sig_199                  |                                                                                |                1 |              1 |         1.00 |
|  HCLK_OBUF_BUFG | core/ifu/bus.icache.icache/cachefsm/FSM_sequential_CurrState_reg[0]_CE_cooolgate_en_sig_217                  | core/ieu/c/controlregE/FlushE                                                  |                1 |              1 |         1.00 |
|  HCLK_OBUF_BUFG | core/lsu/dmmu.dmmu/tlb.tlb/tlbcam/camlines[7]/validbitflop/q_reg[0]_CE_cooolgate_en_sig_197                  |                                                                                |                1 |              1 |         1.00 |
|  HCLK_OBUF_BUFG | core/ifu/immu.immu/tlb.tlb/tlbcam/camlines[21]/pagetypeflop/q_reg[0]_CE_cooolgate_en_sig_80                  |                                                                                |                1 |              2 |         2.00 |
|  HCLK_OBUF_BUFG |                                                                                                              | core/ieu/c/controlregE/FlushE                                                  |                1 |              2 |         2.00 |
|  HCLK_OBUF_BUFG | core/ifu/immu.immu/tlb.tlb/tlbcam/camlines[27]/pagetypeflop/q_reg[0]_CE_cooolgate_en_sig_38                  |                                                                                |                1 |              2 |         2.00 |
|  HCLK_OBUF_BUFG | core/ifu/immu.immu/tlb.tlb/tlbcam/camlines[24]/pagetypeflop/q_reg[0]_CE_cooolgate_en_sig_83                  |                                                                                |                1 |              2 |         2.00 |
|  HCLK_OBUF_BUFG | core/ifu/immu.immu/tlb.tlb/tlbcam/camlines[29]/pagetypeflop/q_reg[0]_CE_cooolgate_en_sig_113                 |                                                                                |                1 |              2 |         2.00 |
|  HCLK_OBUF_BUFG | core/ifu/immu.immu/tlb.tlb/tlbcam/camlines[23]/pagetypeflop/q_reg[0]_CE_cooolgate_en_sig_32                  |                                                                                |                1 |              2 |         2.00 |
|  HCLK_OBUF_BUFG | core/ifu/immu.immu/tlb.tlb/tlbcam/camlines[5]/pagetypeflop/q_reg[0]_CE_cooolgate_en_sig_98                   |                                                                                |                1 |              2 |         2.00 |
|  HCLK_OBUF_BUFG | core/ifu/immu.immu/tlb.tlb/tlbcam/camlines[3]/pagetypeflop/q_reg[0]_CE_cooolgate_en_sig_95                   |                                                                                |                2 |              2 |         1.00 |
|  HCLK_OBUF_BUFG | core/ifu/immu.immu/tlb.tlb/tlbcam/camlines[1]/pagetypeflop/q_reg[0]_CE_cooolgate_en_sig_77                   |                                                                                |                1 |              2 |         2.00 |
|  HCLK_OBUF_BUFG | core/lsu/hptw.hptw/PageTypeReg/q_reg[0]_CE_cooolgate_en_sig_151                                              |                                                                                |                2 |              2 |         1.00 |
|  HCLK_OBUF_BUFG | core/ifu/immu.immu/tlb.tlb/tlbcam/camlines[22]/pagetypeflop/q_reg[0]_CE_cooolgate_en_sig_29                  |                                                                                |                2 |              2 |         1.00 |
|  HCLK_OBUF_BUFG | core/ifu/immu.immu/tlb.tlb/tlbcam/camlines[20]/pagetypeflop/q_reg[0]_CE_cooolgate_en_sig_26                  |                                                                                |                2 |              2 |         1.00 |
|  HCLK_OBUF_BUFG | core/ifu/immu.immu/tlb.tlb/tlbcam/camlines[2]/pagetypeflop/q_reg[0]_CE_cooolgate_en_sig_89                   |                                                                                |                1 |              2 |         2.00 |
|  HCLK_OBUF_BUFG | core/ifu/CompressedDReg/q_reg[0]_CE_cooolgate_en_sig_152                                                     |                                                                                |                1 |              2 |         2.00 |
|  HCLK_OBUF_BUFG | core/ifu/immu.immu/tlb.tlb/tlbcam/camlines[28]/pagetypeflop/q_reg[0]_CE_cooolgate_en_sig_116                 |                                                                                |                1 |              2 |         2.00 |
|  HCLK_OBUF_BUFG | core/ifu/immu.immu/tlb.tlb/tlbcam/camlines[25]/pagetypeflop/q_reg[0]_CE_cooolgate_en_sig_35                  |                                                                                |                1 |              2 |         2.00 |
|  HCLK_OBUF_BUFG | core/ifu/immu.immu/tlb.tlb/tlbcam/camlines[30]/pagetypeflop/q_reg[0]_CE_cooolgate_en_sig_92                  |                                                                                |                1 |              2 |         2.00 |
|  HCLK_OBUF_BUFG | core/ifu/immu.immu/tlb.tlb/tlbcam/camlines[26]/pagetypeflop/q_reg[0]_CE_cooolgate_en_sig_86                  |                                                                                |                1 |              2 |         2.00 |
|  HCLK_OBUF_BUFG | core/lsu/hptw.hptw/WalkerStateReg/LRUMemory[53][2]_i_2__0_1                                                  |                                                                                |                1 |              3 |         3.00 |
|  HCLK_OBUF_BUFG | core/lsu/hptw.hptw/WalkerStateReg/LRUMemory[51][2]_i_2__0_0                                                  |                                                                                |                2 |              3 |         1.50 |
|  HCLK_OBUF_BUFG | core/lsu/hptw.hptw/WalkerStateReg/LRUMemory[47][2]_i_2_9                                                     |                                                                                |                1 |              3 |         3.00 |
|  HCLK_OBUF_BUFG | core/lsu/hptw.hptw/WalkerStateReg/LRUMemory[47][2]_i_2_8                                                     |                                                                                |                1 |              3 |         3.00 |
|  HCLK_OBUF_BUFG | core/lsu/hptw.hptw/WalkerStateReg/LRUMemory[47][2]_i_2_7                                                     |                                                                                |                1 |              3 |         3.00 |
|  HCLK_OBUF_BUFG | core/lsu/hptw.hptw/WalkerStateReg/LRUMemory[47][2]_i_2_6                                                     |                                                                                |                1 |              3 |         3.00 |
|  HCLK_OBUF_BUFG | core/lsu/hptw.hptw/WalkerStateReg/LRUMemory[51][2]_i_2__0_1                                                  |                                                                                |                2 |              3 |         1.50 |
|  HCLK_OBUF_BUFG | core/lsu/hptw.hptw/WalkerStateReg/LRUMemory[47][2]_i_2_5                                                     |                                                                                |                2 |              3 |         1.50 |
|  HCLK_OBUF_BUFG | core/lsu/hptw.hptw/WalkerStateReg/LRUMemory[47][2]_i_2_4                                                     |                                                                                |                1 |              3 |         3.00 |
|  HCLK_OBUF_BUFG | core/lsu/hptw.hptw/WalkerStateReg/LRUMemory[47][2]_i_2_3                                                     |                                                                                |                3 |              3 |         1.00 |
|  HCLK_OBUF_BUFG | core/lsu/hptw.hptw/WalkerStateReg/LRUMemory[47][2]_i_2_21                                                    |                                                                                |                1 |              3 |         3.00 |
|  HCLK_OBUF_BUFG | core/lsu/hptw.hptw/WalkerStateReg/LRUMemory[47][2]_i_2_20                                                    |                                                                                |                1 |              3 |         3.00 |
|  HCLK_OBUF_BUFG | core/lsu/hptw.hptw/WalkerStateReg/LRUMemory[47][2]_i_2_2                                                     |                                                                                |                1 |              3 |         3.00 |
|  HCLK_OBUF_BUFG | core/lsu/hptw.hptw/WalkerStateReg/LRUMemory[47][2]_i_2_19                                                    |                                                                                |                1 |              3 |         3.00 |
|  HCLK_OBUF_BUFG | core/lsu/hptw.hptw/WalkerStateReg/LRUMemory[47][2]_i_2_18                                                    |                                                                                |                1 |              3 |         3.00 |
|  HCLK_OBUF_BUFG | core/lsu/hptw.hptw/WalkerStateReg/LRUMemory[47][2]_i_2_16                                                    |                                                                                |                1 |              3 |         3.00 |
|  HCLK_OBUF_BUFG | core/lsu/hptw.hptw/WalkerStateReg/LRUMemory[47][2]_i_2_15                                                    |                                                                                |                2 |              3 |         1.50 |
|  HCLK_OBUF_BUFG | core/lsu/hptw.hptw/WalkerStateReg/LRUMemory[47][2]_i_2_14                                                    |                                                                                |                2 |              3 |         1.50 |
|  HCLK_OBUF_BUFG | core/lsu/hptw.hptw/WalkerStateReg/LRUMemory[47][2]_i_2_13                                                    |                                                                                |                1 |              3 |         3.00 |
|  HCLK_OBUF_BUFG | core/lsu/hptw.hptw/WalkerStateReg/LRUMemory[47][2]_i_2_12                                                    |                                                                                |                1 |              3 |         3.00 |
|  HCLK_OBUF_BUFG | core/lsu/hptw.hptw/WalkerStateReg/LRUMemory[47][2]_i_2_11                                                    |                                                                                |                2 |              3 |         1.50 |
|  HCLK_OBUF_BUFG | core/lsu/hptw.hptw/WalkerStateReg/LRUMemory[47][2]_i_2_10                                                    |                                                                                |                1 |              3 |         3.00 |
|  HCLK_OBUF_BUFG | core/lsu/hptw.hptw/WalkerStateReg/LRUMemory[47][2]_i_2_1                                                     |                                                                                |                1 |              3 |         3.00 |
|  HCLK_OBUF_BUFG | core/lsu/hptw.hptw/WalkerStateReg/LRUMemory[47][2]_i_2_0                                                     |                                                                                |                1 |              3 |         3.00 |
|  HCLK_OBUF_BUFG | core/lsu/hptw.hptw/WalkerStateReg/LRUMemory[60][2]_i_2__0_2                                                  |                                                                                |                3 |              3 |         1.00 |
|  HCLK_OBUF_BUFG | core/lsu/bus.dcache.dcache/vict.cacheLRU/LRUMemory_reg[57][0]_CE_cooolgate_en_sig_147                        |                                                                                |                1 |              3 |         3.00 |
|  HCLK_OBUF_BUFG | core/lsu/hptw.hptw/WalkerStateReg/LRUMemory[47][2]_i_2_17                                                    |                                                                                |                1 |              3 |         3.00 |
|  HCLK_OBUF_BUFG | core/priv.priv/ppr/faultregM/q_reg[1]_CE_cooolgate_en_sig_149                                                | core/lsu/hptw.hptw/WalkerStateReg/SR[0]                                        |                1 |              3 |         3.00 |
|  HCLK_OBUF_BUFG | core/ifu/bus.icache.icache/vict.cacheLRU/LRUMemory_reg[48][0]_CE_cooolgate_en_sig_137                        |                                                                                |                1 |              3 |         3.00 |
|  HCLK_OBUF_BUFG | core/ifu/bus.icache.icache/vict.cacheLRU/LRUMemory_reg[57][0]_CE_cooolgate_en_sig_141                        |                                                                                |                2 |              3 |         1.50 |
|  HCLK_OBUF_BUFG | core/ifu/bus.icache.icache/vict.cacheLRU/LRUMemory_reg[60][0]_CE_cooolgate_en_sig_143                        |                                                                                |                1 |              3 |         3.00 |
|  HCLK_OBUF_BUFG | core/ebu.ebu/ebufsmarb/BeatCounter/cntrflop/q_reg[1]_CE_cooolgate_en_sig_150                                 | core/ebu.ebu/ebufsmarb/BeatCounter/cntrflop/reset0                             |                1 |              3 |         3.00 |
|  HCLK_OBUF_BUFG | core/ifu/bus.icache.icache/vict.cacheLRU/LRUMemory_reg[56][0]_CE_cooolgate_en_sig_139                        |                                                                                |                1 |              3 |         3.00 |
|  HCLK_OBUF_BUFG | core/ifu/bus.icache.icache/vict.cacheLRU/LRUMemory_reg[61][0]_CE_cooolgate_en_sig_145                        |                                                                                |                2 |              3 |         1.50 |
|  HCLK_OBUF_BUFG | core/lsu/hptw.hptw/WalkerStateReg/LRUMemory[63][2]_i_3__0_0                                                  |                                                                                |                2 |              3 |         1.50 |
|  HCLK_OBUF_BUFG | core/lsu/hptw.hptw/WalkerStateReg/LRUMemory[60][2]_i_4_0                                                     |                                                                                |                1 |              3 |         3.00 |
|  HCLK_OBUF_BUFG | core/lsu/hptw.hptw/WalkerStateReg/LRUMemory[51][2]_i_2__0_2                                                  |                                                                                |                1 |              3 |         3.00 |
|  HCLK_OBUF_BUFG | core/lsu/hptw.hptw/WalkerStateReg/LRUMemory[60][2]_i_2__0_1                                                  |                                                                                |                2 |              3 |         1.50 |
|  HCLK_OBUF_BUFG | core/lsu/hptw.hptw/WalkerStateReg/LRUMemory[60][2]_i_2__0_0                                                  |                                                                                |                1 |              3 |         3.00 |
|  HCLK_OBUF_BUFG | core/lsu/hptw.hptw/WalkerStateReg/LRUMemory[59][2]_i_2__0_1                                                  |                                                                                |                1 |              3 |         3.00 |
|  HCLK_OBUF_BUFG | core/lsu/hptw.hptw/WalkerStateReg/LRUMemory[59][2]_i_2__0_0                                                  |                                                                                |                1 |              3 |         3.00 |
|  HCLK_OBUF_BUFG | core/lsu/hptw.hptw/WalkerStateReg/LRUMemory[54][2]_i_2_3                                                     |                                                                                |                2 |              3 |         1.50 |
|  HCLK_OBUF_BUFG | core/lsu/hptw.hptw/WalkerStateReg/LRUMemory[54][2]_i_2_2                                                     |                                                                                |                2 |              3 |         1.50 |
|  HCLK_OBUF_BUFG | core/lsu/hptw.hptw/WalkerStateReg/LRUMemory[54][2]_i_2_1                                                     |                                                                                |                1 |              3 |         3.00 |
|  HCLK_OBUF_BUFG | core/lsu/hptw.hptw/WalkerStateReg/LRUMemory[54][2]_i_2_0                                                     |                                                                                |                1 |              3 |         3.00 |
|  HCLK_OBUF_BUFG | core/lsu/hptw.hptw/WalkerStateReg/LRUMemory[53][2]_i_2__0_2                                                  |                                                                                |                2 |              3 |         1.50 |
|  HCLK_OBUF_BUFG | core/lsu/hptw.hptw/WalkerStateReg/LRUMemory[53][2]_i_2__0_0                                                  |                                                                                |                2 |              3 |         1.50 |
|  HCLK_OBUF_BUFG | core/lsu/hptw.hptw/WalkerStateReg/LRUMemory[51][2]_i_2__0_3                                                  |                                                                                |                1 |              3 |         3.00 |
|  HCLK_OBUF_BUFG | core/ifu/pcreg/q_reg[11]_2                                                                                   |                                                                                |                2 |              3 |         1.50 |
|  HCLK_OBUF_BUFG | core/ifu/pcreg/q_reg[10]_7                                                                                   |                                                                                |                1 |              3 |         3.00 |
|  HCLK_OBUF_BUFG | core/ifu/pcreg/q_reg[10]_8                                                                                   |                                                                                |                2 |              3 |         1.50 |
|  HCLK_OBUF_BUFG | core/ifu/pcreg/q_reg[10]_9                                                                                   |                                                                                |                1 |              3 |         3.00 |
|  HCLK_OBUF_BUFG | core/ifu/pcreg/q_reg[11]_0                                                                                   |                                                                                |                1 |              3 |         3.00 |
|  HCLK_OBUF_BUFG | core/ifu/pcreg/q_reg[11]_1                                                                                   |                                                                                |                1 |              3 |         3.00 |
|  HCLK_OBUF_BUFG | core/ifu/pcreg/q_reg[11]_10                                                                                  |                                                                                |                1 |              3 |         3.00 |
|  HCLK_OBUF_BUFG | core/ifu/pcreg/q_reg[11]_11                                                                                  |                                                                                |                1 |              3 |         3.00 |
|  HCLK_OBUF_BUFG | core/ifu/pcreg/q_reg[11]_12                                                                                  |                                                                                |                1 |              3 |         3.00 |
|  HCLK_OBUF_BUFG | core/ifu/pcreg/q_reg[11]_13                                                                                  |                                                                                |                1 |              3 |         3.00 |
|  HCLK_OBUF_BUFG | core/ifu/pcreg/q_reg[11]_14                                                                                  |                                                                                |                1 |              3 |         3.00 |
|  HCLK_OBUF_BUFG | core/ifu/pcreg/q_reg[10]_6                                                                                   |                                                                                |                1 |              3 |         3.00 |
|  HCLK_OBUF_BUFG | core/ifu/pcreg/q_reg[11]_3                                                                                   |                                                                                |                1 |              3 |         3.00 |
|  HCLK_OBUF_BUFG | core/ifu/pcreg/q_reg[11]_4                                                                                   |                                                                                |                1 |              3 |         3.00 |
|  HCLK_OBUF_BUFG | core/ifu/pcreg/q_reg[11]_5                                                                                   |                                                                                |                1 |              3 |         3.00 |
|  HCLK_OBUF_BUFG | core/ifu/pcreg/q_reg[11]_6                                                                                   |                                                                                |                1 |              3 |         3.00 |
|  HCLK_OBUF_BUFG | core/ifu/pcreg/q_reg[11]_7                                                                                   |                                                                                |                2 |              3 |         1.50 |
|  HCLK_OBUF_BUFG | core/ifu/pcreg/q_reg[11]_8                                                                                   |                                                                                |                1 |              3 |         3.00 |
|  HCLK_OBUF_BUFG | core/ifu/pcreg/q_reg[11]_9                                                                                   |                                                                                |                1 |              3 |         3.00 |
|  HCLK_OBUF_BUFG | core/ifu/pcreg/q_reg[6]_0                                                                                    |                                                                                |                2 |              3 |         1.50 |
|  HCLK_OBUF_BUFG | core/ifu/pcreg/q_reg[6]_1                                                                                    |                                                                                |                1 |              3 |         3.00 |
|  HCLK_OBUF_BUFG | core/ifu/pcreg/q_reg[6]_2                                                                                    |                                                                                |                1 |              3 |         3.00 |
|  HCLK_OBUF_BUFG | core/ifu/pcreg/q_reg[10]_20                                                                                  |                                                                                |                1 |              3 |         3.00 |
|  HCLK_OBUF_BUFG | core/ifu/pcreg/q_reg[10]_0                                                                                   |                                                                                |                2 |              3 |         1.50 |
|  HCLK_OBUF_BUFG | core/ifu/pcreg/q_reg[10]_1                                                                                   |                                                                                |                1 |              3 |         3.00 |
|  HCLK_OBUF_BUFG | core/ifu/pcreg/q_reg[10]_10                                                                                  |                                                                                |                1 |              3 |         3.00 |
|  HCLK_OBUF_BUFG | core/ifu/pcreg/q_reg[10]_11                                                                                  |                                                                                |                1 |              3 |         3.00 |
|  HCLK_OBUF_BUFG | core/ifu/pcreg/q_reg[10]_12                                                                                  |                                                                                |                2 |              3 |         1.50 |
|  HCLK_OBUF_BUFG | core/ifu/pcreg/q_reg[10]_13                                                                                  |                                                                                |                1 |              3 |         3.00 |
|  HCLK_OBUF_BUFG | core/ifu/pcreg/q_reg[10]_14                                                                                  |                                                                                |                1 |              3 |         3.00 |
|  HCLK_OBUF_BUFG | core/ifu/pcreg/q_reg[10]_15                                                                                  |                                                                                |                1 |              3 |         3.00 |
|  HCLK_OBUF_BUFG | core/ifu/pcreg/q_reg[10]_16                                                                                  |                                                                                |                2 |              3 |         1.50 |
|  HCLK_OBUF_BUFG | core/ifu/pcreg/q_reg[10]_2                                                                                   |                                                                                |                1 |              3 |         3.00 |
|  HCLK_OBUF_BUFG | core/lsu/hptw.hptw/WalkerStateReg/LRUMemory[63][2]_i_7__0_5                                                  |                                                                                |                1 |              3 |         3.00 |
|  HCLK_OBUF_BUFG | core/ifu/pcreg/q_reg[10]_21                                                                                  |                                                                                |                1 |              3 |         3.00 |
|  HCLK_OBUF_BUFG | core/ifu/pcreg/q_reg[10]_22                                                                                  |                                                                                |                2 |              3 |         1.50 |
|  HCLK_OBUF_BUFG | core/ifu/pcreg/q_reg[10]_23                                                                                  |                                                                                |                1 |              3 |         3.00 |
|  HCLK_OBUF_BUFG | core/ifu/pcreg/q_reg[10]_24                                                                                  |                                                                                |                2 |              3 |         1.50 |
|  HCLK_OBUF_BUFG | core/ifu/pcreg/q_reg[10]_25                                                                                  |                                                                                |                1 |              3 |         3.00 |
|  HCLK_OBUF_BUFG | core/ifu/pcreg/q_reg[10]_26                                                                                  |                                                                                |                1 |              3 |         3.00 |
|  HCLK_OBUF_BUFG | core/ifu/pcreg/q_reg[10]_3                                                                                   |                                                                                |                1 |              3 |         3.00 |
|  HCLK_OBUF_BUFG | core/ifu/pcreg/q_reg[10]_4                                                                                   |                                                                                |                1 |              3 |         3.00 |
|  HCLK_OBUF_BUFG | core/ifu/pcreg/q_reg[10]_5                                                                                   |                                                                                |                2 |              3 |         1.50 |
|  HCLK_OBUF_BUFG | core/ifu/pcreg/q_reg[8]_3                                                                                    |                                                                                |                1 |              3 |         3.00 |
|  HCLK_OBUF_BUFG |                                                                                                              | core/lsu/hptw.hptw/WalkerStateReg/IgnoreRequest                                |                3 |              3 |         1.00 |
|  HCLK_OBUF_BUFG | core/ifu/pcreg/q_reg[7]_3                                                                                    |                                                                                |                1 |              3 |         3.00 |
|  HCLK_OBUF_BUFG | core/ifu/pcreg/q_reg[7]_4                                                                                    |                                                                                |                1 |              3 |         3.00 |
|  HCLK_OBUF_BUFG | core/ifu/pcreg/q_reg[7]_5                                                                                    |                                                                                |                1 |              3 |         3.00 |
|  HCLK_OBUF_BUFG | core/ifu/pcreg/q_reg[7]_6                                                                                    |                                                                                |                1 |              3 |         3.00 |
|  HCLK_OBUF_BUFG | core/ifu/pcreg/q_reg[7]_7                                                                                    |                                                                                |                1 |              3 |         3.00 |
|  HCLK_OBUF_BUFG | core/ifu/pcreg/q_reg[8]_0                                                                                    |                                                                                |                1 |              3 |         3.00 |
|  HCLK_OBUF_BUFG | core/ifu/pcreg/q_reg[8]_2                                                                                    |                                                                                |                1 |              3 |         3.00 |
|  HCLK_OBUF_BUFG | core/lsu/hptw.hptw/WalkerStateReg/LRUMemory[63][2]_i_6__0_4                                                  |                                                                                |                1 |              3 |         3.00 |
|  HCLK_OBUF_BUFG | core/lsu/hptw.hptw/WalkerStateReg/LRUMemory[63][2]_i_6__0_3                                                  |                                                                                |                1 |              3 |         3.00 |
|  HCLK_OBUF_BUFG | core/ifu/pcreg/q_reg[7]_2                                                                                    |                                                                                |                2 |              3 |         1.50 |
|  HCLK_OBUF_BUFG | core/lsu/hptw.hptw/WalkerStateReg/LRUMemory[63][2]_i_6__0_2                                                  |                                                                                |                1 |              3 |         3.00 |
|  HCLK_OBUF_BUFG | core/lsu/hptw.hptw/WalkerStateReg/LRUMemory[63][2]_i_5__0                                                    |                                                                                |                1 |              3 |         3.00 |
|  HCLK_OBUF_BUFG | core/lsu/hptw.hptw/WalkerStateReg/LRUMemory[63][2]_i_5__0_0                                                  |                                                                                |                3 |              3 |         1.00 |
|  HCLK_OBUF_BUFG | core/lsu/hptw.hptw/WalkerStateReg/LRUMemory[63][2]_i_5__0_1                                                  |                                                                                |                1 |              3 |         3.00 |
|  HCLK_OBUF_BUFG | core/lsu/hptw.hptw/WalkerStateReg/LRUMemory[63][2]_i_6__0_0                                                  |                                                                                |                1 |              3 |         3.00 |
|  HCLK_OBUF_BUFG | core/lsu/hptw.hptw/WalkerStateReg/LRUMemory[63][2]_i_6__0_13                                                 |                                                                                |                1 |              3 |         3.00 |
|  HCLK_OBUF_BUFG | core/lsu/hptw.hptw/WalkerStateReg/LRUMemory[63][2]_i_6__0_1                                                  |                                                                                |                1 |              3 |         3.00 |
|  HCLK_OBUF_BUFG | core/lsu/hptw.hptw/WalkerStateReg/LRUMemory[63][2]_i_6__0_10                                                 |                                                                                |                1 |              3 |         3.00 |
|  HCLK_OBUF_BUFG | core/lsu/hptw.hptw/WalkerStateReg/LRUMemory[63][2]_i_6__0_11                                                 |                                                                                |                1 |              3 |         3.00 |
|  HCLK_OBUF_BUFG | core/lsu/hptw.hptw/WalkerStateReg/LRUMemory[63][2]_i_6__0_12                                                 |                                                                                |                1 |              3 |         3.00 |
|  HCLK_OBUF_BUFG | core/ifu/pcreg/q_reg[6]_6                                                                                    |                                                                                |                3 |              3 |         1.00 |
|  HCLK_OBUF_BUFG | core/ifu/pcreg/q_reg[6]_3                                                                                    |                                                                                |                2 |              3 |         1.50 |
|  HCLK_OBUF_BUFG | core/lsu/hptw.hptw/WalkerStateReg/LRUMemory[63][2]_i_7__0_4                                                  |                                                                                |                2 |              3 |         1.50 |
|  HCLK_OBUF_BUFG | core/lsu/hptw.hptw/WalkerStateReg/LRUMemory[63][2]_i_7__0_3                                                  |                                                                                |                2 |              3 |         1.50 |
|  HCLK_OBUF_BUFG | core/lsu/hptw.hptw/WalkerStateReg/LRUMemory[63][2]_i_7__0_2                                                  |                                                                                |                1 |              3 |         3.00 |
|  HCLK_OBUF_BUFG | core/ifu/pcreg/q_reg[6]_4                                                                                    |                                                                                |                2 |              3 |         1.50 |
|  HCLK_OBUF_BUFG | core/ifu/pcreg/q_reg[6]_5                                                                                    |                                                                                |                3 |              3 |         1.00 |
|  HCLK_OBUF_BUFG | core/lsu/hptw.hptw/WalkerStateReg/LRUMemory[63][2]_i_7__0_1                                                  |                                                                                |                2 |              3 |         1.50 |
|  HCLK_OBUF_BUFG | core/lsu/hptw.hptw/WalkerStateReg/LRUMemory[63][2]_i_7__0_0                                                  |                                                                                |                1 |              3 |         3.00 |
|  HCLK_OBUF_BUFG | core/lsu/hptw.hptw/WalkerStateReg/LRUMemory[63][2]_i_6__0_9                                                  |                                                                                |                1 |              3 |         3.00 |
|  HCLK_OBUF_BUFG | core/ifu/pcreg/q_reg[6]_7                                                                                    |                                                                                |                1 |              3 |         3.00 |
|  HCLK_OBUF_BUFG | core/lsu/hptw.hptw/WalkerStateReg/LRUMemory[63][2]_i_6__0_8                                                  |                                                                                |                1 |              3 |         3.00 |
|  HCLK_OBUF_BUFG | core/lsu/hptw.hptw/WalkerStateReg/LRUMemory[63][2]_i_6__0_7                                                  |                                                                                |                1 |              3 |         3.00 |
|  HCLK_OBUF_BUFG | core/ifu/pcreg/q_reg[6]_8                                                                                    |                                                                                |                1 |              3 |         3.00 |
|  HCLK_OBUF_BUFG | core/ifu/pcreg/q_reg[7]_0                                                                                    |                                                                                |                1 |              3 |         3.00 |
|  HCLK_OBUF_BUFG | core/ifu/pcreg/q_reg[7]_1                                                                                    |                                                                                |                1 |              3 |         3.00 |
|  HCLK_OBUF_BUFG | core/lsu/hptw.hptw/WalkerStateReg/LRUMemory[63][2]_i_6__0_6                                                  |                                                                                |                1 |              3 |         3.00 |
|  HCLK_OBUF_BUFG | core/lsu/hptw.hptw/WalkerStateReg/LRUMemory[63][2]_i_6__0_5                                                  |                                                                                |                1 |              3 |         3.00 |
|  HCLK_OBUF_BUFG | core/ifu/immu.immu/tlb.tlb/tlbcam/camlines[5]/keyflop/q_reg[0]_CE_cooolgate_en_sig_97                        |                                                                                |                4 |              4 |         1.00 |
|  HCLK_OBUF_BUFG | core/ifu/immu.immu/tlb.tlb/tlbcam/camlines[20]/keyflop/q_reg[0]_CE_cooolgate_en_sig_25                       |                                                                                |                2 |              4 |         2.00 |
|  HCLK_OBUF_BUFG | core/ifu/bus.icache.ahbcacheinterface/AHBBuscachefsm/BeatCountReg/IFUSave                                    |                                                                                |                3 |              4 |         1.33 |
|  HCLK_OBUF_BUFG | core/ifu/immu.immu/tlb.tlb/tlbcam/camlines[22]/keyflop/q_reg[0]_CE_cooolgate_en_sig_28                       |                                                                                |                1 |              4 |         4.00 |
|  HCLK_OBUF_BUFG | core/ifu/immu.immu/tlb.tlb/tlbcam/camlines[24]/keyflop/q_reg[0]_CE_cooolgate_en_sig_82                       |                                                                                |                1 |              4 |         4.00 |
|  HCLK_OBUF_BUFG | core/lsu/bus.dcache.dcache/cachefsm/E[0]                                                                     |                                                                                |                1 |              4 |         4.00 |
|  HCLK_OBUF_BUFG | core/ifu/immu.immu/tlb.tlb/tlbcam/camlines[28]/keyflop/q_reg[0]_CE_cooolgate_en_sig_115                      |                                                                                |                3 |              4 |         1.33 |
|  HCLK_OBUF_BUFG | core/ifu/immu.immu/tlb.tlb/tlbcam/camlines[3]/keyflop/q_reg[0]_CE_cooolgate_en_sig_94                        |                                                                                |                2 |              4 |         2.00 |
|  HCLK_OBUF_BUFG | core/ifu/immu.immu/tlb.tlb/tlbcam/camlines[25]/keyflop/q_reg[0]_CE_cooolgate_en_sig_34                       |                                                                                |                1 |              4 |         4.00 |
|  HCLK_OBUF_BUFG | core/ifu/immu.immu/tlb.tlb/tlbcam/camlines[23]/keyflop/q_reg[0]_CE_cooolgate_en_sig_31                       |                                                                                |                2 |              4 |         2.00 |
|  HCLK_OBUF_BUFG | core/ifu/immu.immu/tlb.tlb/tlbcam/camlines[29]/keyflop/q_reg[0]_CE_cooolgate_en_sig_112                      |                                                                                |                2 |              4 |         2.00 |
|  HCLK_OBUF_BUFG | core/ifu/immu.immu/tlb.tlb/tlbcam/camlines[2]/keyflop/q_reg[0]_CE_cooolgate_en_sig_88                        |                                                                                |                2 |              4 |         2.00 |
|  HCLK_OBUF_BUFG | core/ifu/immu.immu/tlb.tlb/tlbcam/camlines[21]/keyflop/q_reg[0]_CE_cooolgate_en_sig_79                       |                                                                                |                1 |              4 |         4.00 |
|  HCLK_OBUF_BUFG | core/ifu/immu.immu/tlb.tlb/tlbcam/camlines[30]/keyflop/q_reg[0]_CE_cooolgate_en_sig_91                       |                                                                                |                1 |              4 |         4.00 |
|  HCLK_OBUF_BUFG | core/ifu/immu.immu/tlb.tlb/tlbcam/camlines[26]/keyflop/q_reg[0]_CE_cooolgate_en_sig_85                       |                                                                                |                2 |              4 |         2.00 |
|  HCLK_OBUF_BUFG | core/ifu/immu.immu/tlb.tlb/tlbcam/camlines[27]/keyflop/q_reg[0]_CE_cooolgate_en_sig_37                       |                                                                                |                1 |              4 |         4.00 |
|  HCLK_OBUF_BUFG | core/ifu/bus.icache.icache/CacheWays[0]/ValidBits_reg[31]_CE_cooolgate_en_sig_135                            |                                                                                |                1 |              4 |         4.00 |
|  HCLK_OBUF_BUFG | core/ifu/immu.immu/tlb.tlb/tlbcam/camlines[1]/keyflop/q_reg[0]_CE_cooolgate_en_sig_76                        |                                                                                |                1 |              4 |         4.00 |
|  HCLK_OBUF_BUFG | core/lsu/hptw.hptw/WalkerStateReg/q_reg[19]_0[8]                                                             |                                                                                |                1 |              6 |         6.00 |
|  HCLK_OBUF_BUFG | core/lsu/hptw.hptw/WalkerStateReg/q_reg[19]_0[14]                                                            |                                                                                |                2 |              6 |         3.00 |
|  HCLK_OBUF_BUFG | core/lsu/hptw.hptw/WalkerStateReg/q_reg[19]_0[6]                                                             |                                                                                |                3 |              6 |         2.00 |
|  HCLK_OBUF_BUFG | core/lsu/hptw.hptw/WalkerStateReg/q_reg[19]_0[10]                                                            |                                                                                |                2 |              6 |         3.00 |
|  HCLK_OBUF_BUFG | core/lsu/hptw.hptw/WalkerStateReg/q_reg[19]_0[9]                                                             |                                                                                |                3 |              6 |         2.00 |
|  HCLK_OBUF_BUFG | core/lsu/hptw.hptw/WalkerStateReg/q_reg[19]_0[5]                                                             |                                                                                |                2 |              6 |         3.00 |
|  HCLK_OBUF_BUFG | core/lsu/hptw.hptw/WalkerStateReg/q_reg[19]_0[11]                                                            |                                                                                |                2 |              6 |         3.00 |
|  HCLK_OBUF_BUFG | core/lsu/hptw.hptw/WalkerStateReg/q_reg[19]_0[12]                                                            |                                                                                |                4 |              6 |         1.50 |
|  HCLK_OBUF_BUFG | core/lsu/hptw.hptw/WalkerStateReg/q_reg[19]_0[7]                                                             |                                                                                |                4 |              6 |         1.50 |
|  HCLK_OBUF_BUFG | core/lsu/hptw.hptw/WalkerStateReg/q_reg[19]_0[13]                                                            |                                                                                |                4 |              6 |         1.50 |
|  HCLK_OBUF_BUFG | core/lsu/hptw.hptw/WalkerStateReg/q_reg[19]_0[15]                                                            |                                                                                |                1 |              6 |         6.00 |
|  HCLK_OBUF_BUFG | core/lsu/hptw.hptw/WalkerStateReg/q_reg[19]_0[16]                                                            |                                                                                |                2 |              6 |         3.00 |
|  HCLK_OBUF_BUFG | core/lsu/hptw.hptw/WalkerStateReg/q_reg[19]_0[4]                                                             |                                                                                |                2 |              6 |         3.00 |
|  HCLK_OBUF_BUFG | core/ifu/bus.icache.ahbcacheinterface/AHBBuscachefsm/BeatCountDelayedReg/E[0]                                | core/ifu/bus.icache.ahbcacheinterface/AHBBuscachefsm/BeatCountDelayedReg/SR[0] |                2 |              6 |         3.00 |
|  HCLK_OBUF_BUFG | core/lsu/hptw.hptw/WalkerStateReg/q_reg[19]_0[3]                                                             |                                                                                |                2 |              6 |         3.00 |
|  HCLK_OBUF_BUFG | core/lsu/hptw.hptw/WalkerStateReg/q_reg[19]_0[0]                                                             |                                                                                |                2 |              6 |         3.00 |
|  HCLK_OBUF_BUFG | core/lsu/hptw.hptw/hptwwrites.HPTWAdrWriteReg/q_reg[10]_CE_cooolgate_en_sig_120                              |                                                                                |                5 |              6 |         1.20 |
|  HCLK_OBUF_BUFG | core/lsu/bus.dcache.dcache/flushlogic.FlushAdrReg/q_reg[0]_CE_cooolgate_en_sig_118                           | core/lsu/bus.dcache.dcache/cachefsm/FSM_sequential_CurrState_reg[2]_2[0]       |                1 |              6 |         6.00 |
|  HCLK_OBUF_BUFG | core/lsu/hptw.hptw/WalkerStateReg/E[0]                                                                       | core/lsu/bus.dcache.ahbcacheinterface/AHBBuscachefsm/BeatCountDelayedReg/SR[0] |                1 |              6 |         6.00 |
|  HCLK_OBUF_BUFG | core/ifu/immu.immu/tlb.tlb/lru/lrustate/WriteEnables[14]                                                     |                                                                                |                2 |              6 |         3.00 |
|  HCLK_OBUF_BUFG | core/ifu/immu.immu/tlb.tlb/lru/lrustate/WriteEnables[2]                                                      |                                                                                |                3 |              6 |         2.00 |
|  HCLK_OBUF_BUFG | core/ifu/bus.icache.icache/CacheWays[0]/ValidBits_reg[40]_CE_cooolgate_en_sig_22                             |                                                                                |                3 |              8 |         2.67 |
|  HCLK_OBUF_BUFG | core/ebu.ebu/ebufsmarb/busreg/LSUHREADY                                                                      |                                                                                |                4 |              8 |         2.00 |
|  HCLK_OBUF_BUFG | core/ifu/bus.icache.icache/CacheWays[0]/ValidBits_reg[10]_CE_cooolgate_en_sig_4                              |                                                                                |                1 |              8 |         8.00 |
|  HCLK_OBUF_BUFG | core/ifu/bus.icache.icache/CacheWays[0]/ValidBits_reg[41]_CE_cooolgate_en_sig_23                             |                                                                                |                3 |              8 |         2.67 |
|  HCLK_OBUF_BUFG | core/ifu/bus.icache.icache/CacheWays[0]/ValidBits_reg[39]_CE_cooolgate_en_sig_21                             |                                                                                |                3 |              8 |         2.67 |
|  HCLK_OBUF_BUFG | core/ifu/bus.icache.icache/cachefsm/FSM_sequential_CurrState_reg[2]_0                                        |                                                                                |               16 |             28 |         1.75 |
|  HCLK_OBUF_BUFG | core/lsu/hptw.hptw/WalkerStateReg/q_reg[0]_0                                                                 | core/ifu/immu.immu/tlb.tlb/lru/lrustate/q[31]_i_1_n_0                          |               14 |             32 |         2.29 |
|  HCLK_OBUF_BUFG | core/lsu/hptw.hptw/WalkerStateReg/q_reg[0]_18                                                                | core/lsu/hptw.hptw/WalkerStateReg/q_reg[31]_0                                  |               21 |             32 |         1.52 |
|  HCLK_OBUF_BUFG | core/lsu/bus.dcache.dcache/cachefsm/CacheEn                                                                  |                                                                                |               16 |             32 |         2.00 |
|  HCLK_OBUF_BUFG | core/ifu/bus.icache.icache/CacheWays[0]/ValidBits_reg[53]_CE_cooolgate_en_sig_3                              |                                                                                |               10 |             44 |         4.40 |
|  HCLK_OBUF_BUFG | core/ifu/bus.icache.icache/cachefsm/p_0_in                                                                   |                                                                                |                8 |             60 |         7.50 |
|  HCLK_OBUF_BUFG | core/lsu/bus.dcache.dcache/cachefsm/p_0_in                                                                   |                                                                                |                8 |             60 |         7.50 |
|  HCLK_OBUF_BUFG | core/lsu/bus.dcache.dcache/cachefsm/p_0_in__0                                                                |                                                                                |                8 |             60 |         7.50 |
|  HCLK_OBUF_BUFG | core/lsu/bus.dcache.dcache/cachefsm/p_0_in__1                                                                |                                                                                |                8 |             60 |         7.50 |
|  HCLK_OBUF_BUFG | core/lsu/bus.dcache.dcache/cachefsm/p_0_in__2                                                                |                                                                                |                8 |             60 |         7.50 |
|  HCLK_OBUF_BUFG | core/ifu/bus.icache.icache/CacheWays[3]/CacheTagMem/p_0_in__2                                                |                                                                                |                8 |             60 |         7.50 |
|  HCLK_OBUF_BUFG | core/ifu/bus.icache.icache/cachefsm/p_0_in__0                                                                |                                                                                |                8 |             60 |         7.50 |
|  HCLK_OBUF_BUFG | core/ieu/c/controlregE/p_0_in__1                                                                             |                                                                                |                8 |             60 |         7.50 |
|  HCLK_OBUF_BUFG | core/lsu/hptw.hptw/WalkerStateReg/q_reg[2]_rep__0_2[0]                                                       | core/lsu/hptw.hptw/WalkerStateReg/SR[0]                                        |               22 |             63 |         2.86 |
|  HCLK_OBUF_BUFG | core/lsu/hptw.hptw/WalkerStateReg/q_reg[2]_rep__0_2[0]                                                       |                                                                                |               16 |             65 |         4.06 |
|  HCLK_OBUF_BUFG | core/lsu/hptw.hptw/WalkerStateReg/q_reg[2]_rep__0_2[0]                                                       | core/lsu/hptw.hptw/WalkerStateReg/q_reg[2]_rep__0_1[0]                         |               17 |             69 |         4.06 |
|  HCLK_OBUF_BUFG | core/lsu/bus.dcache.dcache/CacheWays[0]/ValidBits_reg[45]_CE_cooolgate_en_sig_2                              |                                                                                |               38 |            152 |         4.00 |
|  HCLK_OBUF_BUFG |                                                                                                              |                                                                                |               71 |            221 |         3.11 |
|  HCLK_OBUF_BUFG | core/lsu/bus.dcache.dcache/CacheWays[0]/ValidBits_reg[0]_CE_cooolgate_en_sig_1                               |                                                                                |               76 |            360 |         4.74 |
+-----------------+--------------------------------------------------------------------------------------------------------------+--------------------------------------------------------------------------------+------------------+----------------+--------------+


