Copyright 1986-2022 Xilinx, Inc. All Rights Reserved. Copyright 2022-2024 Advanced Micro Devices, Inc. All Rights Reserved.
---------------------------------------------------------------------------------------------------------------------------------------------
| Tool Version : Vivado v.2024.2 (lin64) Build 5239630 Fri Nov 08 22:34:34 MST 2024
| Date         : Thu May 22 21:18:31 2025
| Host         : thinkpad-p1-gen-5 running 64-bit Ubuntu 25.04
| Command      : report_control_sets -verbose -file wallypipelinedsoc_control_sets_placed.rpt
| Design       : wallypipelinedsoc
| Device       : xck26
---------------------------------------------------------------------------------------------------------------------------------------------

Control Set Information

Table of Contents
-----------------
1. Summary
2. Histogram
3. Flip-Flop Distribution
4. Detailed Control Set Information

1. Summary
----------

+----------------------------------------------------------+-------+
|                          Status                          | Count |
+----------------------------------------------------------+-------+
| Total control sets                                       |   186 |
|    Minimum number of control sets                        |   186 |
|    Addition due to synthesis replication                 |     0 |
|    Addition due to physical synthesis replication        |     0 |
| Unused register locations in slices containing registers |   256 |
+----------------------------------------------------------+-------+
* Control sets can be merged at opt_design using control_set_merge or merge_equivalent_drivers
** Run report_qor_suggestions for automated merging and remapping suggestions


2. Histogram
------------

+--------------------+-------+
|       Fanout       | Count |
+--------------------+-------+
| Total control sets |   186 |
| >= 0 to < 4        |   110 |
| >= 4 to < 6        |    67 |
| >= 6 to < 8        |     2 |
| >= 8 to < 10       |     2 |
| >= 10 to < 12      |     0 |
| >= 12 to < 14      |     0 |
| >= 14 to < 16      |     0 |
| >= 16              |     5 |
+--------------------+-------+
* Control sets can be remapped at either synth_design or opt_design


3. Flip-Flop Distribution
-------------------------

+--------------+-----------------------+------------------------+-----------------+--------------+
| Clock Enable | Synchronous Set/Reset | Asynchronous Set/Reset | Total Registers | Total Slices |
+--------------+-----------------------+------------------------+-----------------+--------------+
| No           | No                    | No                     |              44 |           43 |
| No           | No                    | Yes                    |               0 |            0 |
| No           | Yes                   | No                     |              12 |            7 |
| Yes          | No                    | No                     |             569 |          140 |
| Yes          | No                    | Yes                    |               0 |            0 |
| Yes          | Yes                   | No                     |             163 |           66 |
+--------------+-----------------------+------------------------+-----------------+--------------+


4. Detailed Control Set Information
-----------------------------------

+-----------------+----------------------------------------------------------------------------------------------------+--------------------------------------------------------------------------------+------------------+----------------+--------------+
|   Clock Signal  |                                            Enable Signal                                           |                                Set/Reset Signal                                | Slice Load Count | Bel Load Count | Bels / Slice |
+-----------------+----------------------------------------------------------------------------------------------------+--------------------------------------------------------------------------------+------------------+----------------+--------------+
|  HCLK_OBUF_BUFG | core/ifu/immu.immu/tlb.tlb/tlbcam/camlines[22]/keyflop/q_reg[0]_CE_cooolgate_en_sig_1              |                                                                                |                1 |              1 |         1.00 |
|  HCLK_OBUF_BUFG | core/lsu/ziccslm_align.align/FSM_sequential_CurrState_reg_CE_cooolgate_en_sig_258                  |                                                                                |                1 |              1 |         1.00 |
|  HCLK_OBUF_BUFG | core/lsu/hptw.hptw/WalkerStateReg/q_reg[2]_CE_cooolgate_en_sig_264                                 |                                                                                |                1 |              1 |         1.00 |
|  HCLK_OBUF_BUFG | core/lsu/dmmu.dmmu/tlb.tlb/tlbcam/camlines[28]/validbitflop/q_reg[0]_CE_cooolgate_en_sig_249       |                                                                                |                1 |              1 |         1.00 |
|  HCLK_OBUF_BUFG | core/lsu/hptw.hptw/WalkerStateReg/q_reg[0]_CE_cooolgate_en_sig_261                                 |                                                                                |                1 |              1 |         1.00 |
|  HCLK_OBUF_BUFG | core/lsu/dmmu.dmmu/tlb.tlb/tlbcam/camlines[4]/keyflop/q_reg[0]_CE_cooolgate_en_sig_22              |                                                                                |                1 |              1 |         1.00 |
|  HCLK_OBUF_BUFG | core/lsu/dmmu.dmmu/tlb.tlb/tlbcam/camlines[5]/validbitflop/q_reg[0]_CE_cooolgate_en_sig_250        |                                                                                |                1 |              1 |         1.00 |
|  HCLK_OBUF_BUFG | core/lsu/dmmu.dmmu/tlb.tlb/tlbcam/camlines[2]/validbitflop/q_reg[0]_CE_cooolgate_en_sig_216        |                                                                                |                1 |              1 |         1.00 |
|  HCLK_OBUF_BUFG | core/lsu/dmmu.dmmu/tlb.tlb/tlbcam/camlines[27]/keyflop/q_reg[0]_CE_cooolgate_en_sig_16             |                                                                                |                1 |              1 |         1.00 |
|  HCLK_OBUF_BUFG | core/lsu/dmmu.dmmu/tlb.tlb/tlbcam/camlines[9]/validbitflop/q_reg[0]_CE_cooolgate_en_sig_254        |                                                                                |                1 |              1 |         1.00 |
|  HCLK_OBUF_BUFG | core/lsu/dmmu.dmmu/tlb.tlb/tlbcam/camlines[20]/validbitflop/q_reg[0]_CE_cooolgate_en_sig_213       |                                                                                |                1 |              1 |         1.00 |
|  HCLK_OBUF_BUFG | core/ieu/c/controlregE/q_reg[0]_CE_cooolgate_en_sig_260                                            | core/lsu/hptw.hptw/WalkerStateReg/state_reg[1]_3[0]                            |                1 |              1 |         1.00 |
|  HCLK_OBUF_BUFG | core/lsu/dmmu.dmmu/tlb.tlb/tlbcam/camlines[1]/validbitflop/q_reg[0]_CE_cooolgate_en_sig_246        |                                                                                |                1 |              1 |         1.00 |
|  HCLK_OBUF_BUFG | core/lsu/hptw.hptw/TLBMissMReg/q_reg[0]_CE_cooolgate_en_sig_257                                    |                                                                                |                1 |              1 |         1.00 |
|  HCLK_OBUF_BUFG | core/lsu/dmmu.dmmu/tlb.tlb/tlbcam/camlines[29]/validbitflop/q_reg[0]_CE_cooolgate_en_sig_215       |                                                                                |                1 |              1 |         1.00 |
|  HCLK_OBUF_BUFG | core/ifu/immu.immu/tlb.tlb/tlbcam/camlines[4]/keyflop/q_reg[0]_CE_cooolgate_en_sig_10              |                                                                                |                1 |              1 |         1.00 |
|  HCLK_OBUF_BUFG | core/ebu.ebu/ebufsmarb/busreg/q_reg[0]_CE_cooolgate_en_sig_266                                     |                                                                                |                1 |              1 |         1.00 |
|  HCLK_OBUF_BUFG | core/lsu/dmmu.dmmu/tlb.tlb/tlbcam/camlines[22]/keyflop/q_reg[0]_CE_cooolgate_en_sig_13             |                                                                                |                1 |              1 |         1.00 |
|  HCLK_OBUF_BUFG | core/ifu/immu.immu/tlb.tlb/tlbcam/camlines[0]/validbitflop/q_reg[0]_CE_cooolgate_en_sig_255        |                                                                                |                1 |              1 |         1.00 |
|  HCLK_OBUF_BUFG | core/lsu/dmmu.dmmu/tlb.tlb/tlbcam/camlines[8]/validbitflop/q_reg[0]_CE_cooolgate_en_sig_253        |                                                                                |                1 |              1 |         1.00 |
|  HCLK_OBUF_BUFG | core/lsu/hptw.hptw/WalkerStateReg/q_reg[1]_CE_cooolgate_en_sig_265                                 |                                                                                |                1 |              1 |         1.00 |
|  HCLK_OBUF_BUFG | core/ifu/immu.immu/tlb.tlb/tlbcam/camlines[10]/validbitflop/q_reg[0]_CE_cooolgate_en_sig_217       |                                                                                |                1 |              1 |         1.00 |
|  HCLK_OBUF_BUFG | core/lsu/dmmu.dmmu/tlb.tlb/tlbcam/camlines[31]/keyflop/q_reg[0]_CE_cooolgate_en_sig_19             |                                                                                |                1 |              1 |         1.00 |
|  HCLK_OBUF_BUFG | core/lsu/dmmu.dmmu/tlb.tlb/tlbcam/camlines[23]/validbitflop/q_reg[0]_CE_cooolgate_en_sig_247       |                                                                                |                1 |              1 |         1.00 |
|  HCLK_OBUF_BUFG | core/lsu/dmmu.dmmu/tlb.tlb/tlbcam/camlines[7]/validbitflop/q_reg[0]_CE_cooolgate_en_sig_252        |                                                                                |                1 |              1 |         1.00 |
|  HCLK_OBUF_BUFG | core/lsu/dmmu.dmmu/tlb.tlb/tlbcam/camlines[6]/validbitflop/q_reg[0]_CE_cooolgate_en_sig_251        |                                                                                |                1 |              1 |         1.00 |
|  HCLK_OBUF_BUFG | core/lsu/dmmu.dmmu/tlb.tlb/tlbcam/camlines[25]/validbitflop/q_reg[0]_CE_cooolgate_en_sig_214       |                                                                                |                1 |              1 |         1.00 |
|  HCLK_OBUF_BUFG | core/lsu/dmmu.dmmu/tlb.tlb/tlbcam/camlines[24]/validbitflop/q_reg[0]_CE_cooolgate_en_sig_248       |                                                                                |                1 |              1 |         1.00 |
|  HCLK_OBUF_BUFG |                                                                                                    | core/ebu.ebu/ebufsmarb/BeatCounter/cntrflop/reset0                             |                1 |              1 |         1.00 |
|  HCLK_OBUF_BUFG | core/lsu/hptw.hptw/WalkerStateReg/q_reg[3]_CE_cooolgate_en_sig_262                                 |                                                                                |                1 |              1 |         1.00 |
|  HCLK_OBUF_BUFG | core/ieu/c/controlregD/q_reg[0]_CE_cooolgate_en_sig_263                                            |                                                                                |                1 |              1 |         1.00 |
|  HCLK_OBUF_BUFG | core/ifu/immu.immu/tlb.tlb/tlbcam/camlines[31]/keyflop/q_reg[0]_CE_cooolgate_en_sig_7              |                                                                                |                1 |              1 |         1.00 |
|  HCLK_OBUF_BUFG | core/ifu/immu.immu/tlb.tlb/tlbcam/camlines[27]/keyflop/q_reg[0]_CE_cooolgate_en_sig_4              |                                                                                |                1 |              1 |         1.00 |
|  HCLK_OBUF_BUFG | core/ifu/immu.immu/tlb.tlb/tlbcam/camlines[11]/validbitflop/q_reg[0]_CE_cooolgate_en_sig_218       |                                                                                |                1 |              1 |         1.00 |
|  HCLK_OBUF_BUFG | core/lsu/dmmu.dmmu/tlb.tlb/tlbcam/camlines[0]/validbitflop/q_reg[0]_CE_cooolgate_en_sig_256        |                                                                                |                1 |              1 |         1.00 |
|  HCLK_OBUF_BUFG | core/ifu/immu.immu/tlb.tlb/tlbcam/camlines[12]/pagetypeflop/q_reg[0]_CE_cooolgate_en_sig_81        |                                                                                |                1 |              2 |         2.00 |
|  HCLK_OBUF_BUFG | core/lsu/dmmu.dmmu/tlb.tlb/tlbcam/camlines[20]/pagetypeflop/q_reg[0]_CE_cooolgate_en_sig_63        |                                                                                |                1 |              2 |         2.00 |
|  HCLK_OBUF_BUFG | core/ifu/immu.immu/tlb.tlb/tlbcam/camlines[15]/pagetypeflop/q_reg[0]_CE_cooolgate_en_sig_90        |                                                                                |                1 |              2 |         2.00 |
|  HCLK_OBUF_BUFG | core/lsu/dmmu.dmmu/tlb.tlb/tlbcam/camlines[15]/pagetypeflop/q_reg[0]_CE_cooolgate_en_sig_147       |                                                                                |                1 |              2 |         2.00 |
|  HCLK_OBUF_BUFG | core/lsu/dmmu.dmmu/tlb.tlb/tlbcam/camlines[18]/pagetypeflop/q_reg[0]_CE_cooolgate_en_sig_156       |                                                                                |                1 |              2 |         2.00 |
|  HCLK_OBUF_BUFG | core/lsu/dmmu.dmmu/tlb.tlb/tlbcam/camlines[7]/pagetypeflop/q_reg[0]_CE_cooolgate_en_sig_180        |                                                                                |                1 |              2 |         2.00 |
|  HCLK_OBUF_BUFG | core/ifu/immu.immu/tlb.tlb/tlbcam/camlines[1]/pagetypeflop/q_reg[0]_CE_cooolgate_en_sig_105        |                                                                                |                1 |              2 |         2.00 |
|  HCLK_OBUF_BUFG | core/ifu/immu.immu/tlb.tlb/tlbcam/camlines[25]/pagetypeflop/q_reg[0]_CE_cooolgate_en_sig_54        |                                                                                |                1 |              2 |         2.00 |
|  HCLK_OBUF_BUFG | core/lsu/dmmu.dmmu/tlb.tlb/tlbcam/camlines[24]/pagetypeflop/q_reg[0]_CE_cooolgate_en_sig_168       |                                                                                |                1 |              2 |         2.00 |
|  HCLK_OBUF_BUFG | core/ifu/immu.immu/tlb.tlb/tlbcam/camlines[6]/pagetypeflop/q_reg[0]_CE_cooolgate_en_sig_120        |                                                                                |                1 |              2 |         2.00 |
|  HCLK_OBUF_BUFG | core/ifu/immu.immu/tlb.tlb/tlbcam/camlines[8]/pagetypeflop/q_reg[0]_CE_cooolgate_en_sig_126        |                                                                                |                1 |              2 |         2.00 |
|  HCLK_OBUF_BUFG | core/ifu/immu.immu/tlb.tlb/tlbcam/camlines[5]/pagetypeflop/q_reg[0]_CE_cooolgate_en_sig_117        |                                                                                |                1 |              2 |         2.00 |
|  HCLK_OBUF_BUFG | core/lsu/dmmu.dmmu/tlb.tlb/tlbcam/camlines[12]/pagetypeflop/q_reg[0]_CE_cooolgate_en_sig_138       |                                                                                |                1 |              2 |         2.00 |
|  HCLK_OBUF_BUFG | core/lsu/dmmu.dmmu/tlb.tlb/tlbcam/camlines[4]/pagetypeflop/q_reg[0]_CE_cooolgate_en_sig_24         |                                                                                |                1 |              2 |         2.00 |
|  HCLK_OBUF_BUFG | core/ifu/immu.immu/tlb.tlb/tlbcam/camlines[23]/pagetypeflop/q_reg[0]_CE_cooolgate_en_sig_108       |                                                                                |                1 |              2 |         2.00 |
|  HCLK_OBUF_BUFG | core/lsu/dmmu.dmmu/tlb.tlb/tlbcam/camlines[19]/pagetypeflop/q_reg[0]_CE_cooolgate_en_sig_159       |                                                                                |                1 |              2 |         2.00 |
|  HCLK_OBUF_BUFG | core/lsu/hptw.hptw/WalkerStateReg/q_reg[1]_6                                                       |                                                                                |                1 |              2 |         2.00 |
|  HCLK_OBUF_BUFG | core/lsu/hptw.hptw/PageTypeReg/q_reg[0]_CE_cooolgate_en_sig_200                                    |                                                                                |                1 |              2 |         2.00 |
|  HCLK_OBUF_BUFG | core/lsu/dmmu.dmmu/tlb.tlb/tlbcam/camlines[8]/pagetypeflop/q_reg[0]_CE_cooolgate_en_sig_183        |                                                                                |                1 |              2 |         2.00 |
|  HCLK_OBUF_BUFG | core/ifu/immu.immu/tlb.tlb/tlbcam/camlines[9]/pagetypeflop/q_reg[0]_CE_cooolgate_en_sig_129        |                                                                                |                1 |              2 |         2.00 |
|  HCLK_OBUF_BUFG | core/lsu/dmmu.dmmu/tlb.tlb/tlbcam/camlines[25]/pagetypeflop/q_reg[0]_CE_cooolgate_en_sig_66        |                                                                                |                1 |              2 |         2.00 |
|  HCLK_OBUF_BUFG | core/lsu/dmmu.dmmu/tlb.tlb/tlbcam/camlines[5]/pagetypeflop/q_reg[0]_CE_cooolgate_en_sig_174        |                                                                                |                1 |              2 |         2.00 |
|  HCLK_OBUF_BUFG | core/ifu/immu.immu/tlb.tlb/tlbcam/camlines[7]/pagetypeflop/q_reg[0]_CE_cooolgate_en_sig_123        |                                                                                |                1 |              2 |         2.00 |
|  HCLK_OBUF_BUFG | core/ifu/immu.immu/tlb.tlb/tlbcam/camlines[20]/pagetypeflop/q_reg[0]_CE_cooolgate_en_sig_51        |                                                                                |                1 |              2 |         2.00 |
|  HCLK_OBUF_BUFG | core/lsu/dmmu.dmmu/tlb.tlb/tlbcam/camlines[17]/pagetypeflop/q_reg[0]_CE_cooolgate_en_sig_153       |                                                                                |                1 |              2 |         2.00 |
|  HCLK_OBUF_BUFG | core/lsu/dmmu.dmmu/tlb.tlb/tlbcam/camlines[29]/pagetypeflop/q_reg[0]_CE_cooolgate_en_sig_69        |                                                                                |                2 |              2 |         1.00 |
|  HCLK_OBUF_BUFG | core/ifu/immu.immu/tlb.tlb/tlbcam/camlines[31]/pagetypeflop/q_reg[0]_CE_cooolgate_en_sig_9         |                                                                                |                1 |              2 |         2.00 |
|  HCLK_OBUF_BUFG | core/lsu/dmmu.dmmu/tlb.tlb/tlbcam/camlines[9]/pagetypeflop/q_reg[0]_CE_cooolgate_en_sig_186        |                                                                                |                1 |              2 |         2.00 |
|  HCLK_OBUF_BUFG | core/ifu/immu.immu/tlb.tlb/tlbcam/camlines[4]/pagetypeflop/q_reg[0]_CE_cooolgate_en_sig_12         |                                                                                |                1 |              2 |         2.00 |
|  HCLK_OBUF_BUFG | core/ifu/immu.immu/tlb.tlb/tlbcam/camlines[30]/pagetypeflop/q_reg[0]_CE_cooolgate_en_sig_33        |                                                                                |                1 |              2 |         2.00 |
|  HCLK_OBUF_BUFG | core/ifu/immu.immu/tlb.tlb/tlbcam/camlines[17]/pagetypeflop/q_reg[0]_CE_cooolgate_en_sig_96        |                                                                                |                1 |              2 |         2.00 |
|  HCLK_OBUF_BUFG | core/priv.priv/privmode/privmode.privmodereg/q_reg[0]_CE_cooolgate_en_sig_199                      |                                                                                |                1 |              2 |         2.00 |
|  HCLK_OBUF_BUFG | core/lsu/dmmu.dmmu/tlb.tlb/tlbcam/camlines[23]/pagetypeflop/q_reg[0]_CE_cooolgate_en_sig_165       |                                                                                |                2 |              2 |         1.00 |
|  HCLK_OBUF_BUFG | core/ifu/immu.immu/tlb.tlb/tlbcam/camlines[28]/pagetypeflop/q_reg[0]_CE_cooolgate_en_sig_114       |                                                                                |                1 |              2 |         2.00 |
|  HCLK_OBUF_BUFG | core/lsu/dmmu.dmmu/tlb.tlb/tlbcam/camlines[27]/pagetypeflop/q_reg[0]_CE_cooolgate_en_sig_18        |                                                                                |                1 |              2 |         2.00 |
|  HCLK_OBUF_BUFG | core/lsu/dmmu.dmmu/tlb.tlb/tlbcam/camlines[13]/pagetypeflop/q_reg[0]_CE_cooolgate_en_sig_141       |                                                                                |                1 |              2 |         2.00 |
|  HCLK_OBUF_BUFG | core/ifu/immu.immu/tlb.tlb/tlbcam/camlines[24]/pagetypeflop/q_reg[0]_CE_cooolgate_en_sig_111       |                                                                                |                1 |              2 |         2.00 |
|  HCLK_OBUF_BUFG | core/lsu/dmmu.dmmu/tlb.tlb/tlbcam/camlines[10]/pagetypeflop/q_reg[0]_CE_cooolgate_en_sig_132       |                                                                                |                1 |              2 |         2.00 |
|  HCLK_OBUF_BUFG | core/ifu/immu.immu/tlb.tlb/tlbcam/camlines[10]/pagetypeflop/q_reg[0]_CE_cooolgate_en_sig_75        |                                                                                |                1 |              2 |         2.00 |
|  HCLK_OBUF_BUFG | core/ifu/immu.immu/tlb.tlb/tlbcam/camlines[27]/pagetypeflop/q_reg[0]_CE_cooolgate_en_sig_6         |                                                                                |                1 |              2 |         2.00 |
|  HCLK_OBUF_BUFG | core/ifu/immu.immu/tlb.tlb/tlbcam/camlines[3]/pagetypeflop/q_reg[0]_CE_cooolgate_en_sig_36         |                                                                                |                1 |              2 |         2.00 |
|  HCLK_OBUF_BUFG | core/ifu/immu.immu/tlb.tlb/tlbcam/camlines[0]/pagetypeflop/q_reg[0]_CE_cooolgate_en_sig_189        |                                                                                |                1 |              2 |         2.00 |
|  HCLK_OBUF_BUFG | core/ifu/immu.immu/tlb.tlb/tlbcam/camlines[2]/pagetypeflop/q_reg[0]_CE_cooolgate_en_sig_60         |                                                                                |                1 |              2 |         2.00 |
|  HCLK_OBUF_BUFG | core/lsu/dmmu.dmmu/tlb.tlb/tlbcam/camlines[21]/pagetypeflop/q_reg[0]_CE_cooolgate_en_sig_39        |                                                                                |                1 |              2 |         2.00 |
|  HCLK_OBUF_BUFG | core/ifu/immu.immu/tlb.tlb/tlbcam/camlines[22]/pagetypeflop/q_reg[0]_CE_cooolgate_en_sig_3         |                                                                                |                1 |              2 |         2.00 |
|  HCLK_OBUF_BUFG | core/lsu/dmmu.dmmu/tlb.tlb/tlbcam/camlines[22]/pagetypeflop/q_reg[0]_CE_cooolgate_en_sig_15        |                                                                                |                1 |              2 |         2.00 |
|  HCLK_OBUF_BUFG | core/ifu/immu.immu/tlb.tlb/tlbcam/camlines[18]/pagetypeflop/q_reg[0]_CE_cooolgate_en_sig_99        |                                                                                |                1 |              2 |         2.00 |
|  HCLK_OBUF_BUFG | core/ifu/immu.immu/tlb.tlb/tlbcam/camlines[14]/pagetypeflop/q_reg[0]_CE_cooolgate_en_sig_87        |                                                                                |                1 |              2 |         2.00 |
|  HCLK_OBUF_BUFG | core/lsu/dmmu.dmmu/tlb.tlb/tlbcam/camlines[28]/pagetypeflop/q_reg[0]_CE_cooolgate_en_sig_171       |                                                                                |                1 |              2 |         2.00 |
|  HCLK_OBUF_BUFG | core/lsu/dmmu.dmmu/tlb.tlb/tlbcam/camlines[0]/pagetypeflop/q_reg[0]_CE_cooolgate_en_sig_194        |                                                                                |                1 |              2 |         2.00 |
|  HCLK_OBUF_BUFG | core/lsu/dmmu.dmmu/tlb.tlb/tlbcam/camlines[3]/pagetypeflop/q_reg[0]_CE_cooolgate_en_sig_48         |                                                                                |                1 |              2 |         2.00 |
|  HCLK_OBUF_BUFG | core/lsu/dmmu.dmmu/tlb.tlb/tlbcam/camlines[30]/pagetypeflop/q_reg[0]_CE_cooolgate_en_sig_45        |                                                                                |                1 |              2 |         2.00 |
|  HCLK_OBUF_BUFG | core/lsu/dmmu.dmmu/tlb.tlb/tlbcam/camlines[11]/pagetypeflop/q_reg[0]_CE_cooolgate_en_sig_135       |                                                                                |                1 |              2 |         2.00 |
|  HCLK_OBUF_BUFG | core/lsu/dmmu.dmmu/tlb.tlb/tlbcam/camlines[14]/pagetypeflop/q_reg[0]_CE_cooolgate_en_sig_144       |                                                                                |                1 |              2 |         2.00 |
|  HCLK_OBUF_BUFG | core/ifu/immu.immu/tlb.tlb/tlbcam/camlines[29]/pagetypeflop/q_reg[0]_CE_cooolgate_en_sig_57        |                                                                                |                1 |              2 |         2.00 |
|  HCLK_OBUF_BUFG | core/lsu/dmmu.dmmu/tlb.tlb/tlbcam/camlines[16]/pagetypeflop/q_reg[0]_CE_cooolgate_en_sig_150       |                                                                                |                1 |              2 |         2.00 |
|  HCLK_OBUF_BUFG | core/lsu/dmmu.dmmu/tlb.tlb/tlbcam/camlines[1]/pagetypeflop/q_reg[0]_CE_cooolgate_en_sig_162        |                                                                                |                1 |              2 |         2.00 |
|  HCLK_OBUF_BUFG | core/lsu/dmmu.dmmu/tlb.tlb/tlbcam/camlines[31]/pagetypeflop/q_reg[0]_CE_cooolgate_en_sig_21        |                                                                                |                1 |              2 |         2.00 |
|  HCLK_OBUF_BUFG | core/ifu/immu.immu/tlb.tlb/tlbcam/camlines[21]/pagetypeflop/q_reg[0]_CE_cooolgate_en_sig_27        |                                                                                |                1 |              2 |         2.00 |
|  HCLK_OBUF_BUFG | core/ifu/immu.immu/tlb.tlb/tlbcam/camlines[13]/pagetypeflop/q_reg[0]_CE_cooolgate_en_sig_84        |                                                                                |                1 |              2 |         2.00 |
|  HCLK_OBUF_BUFG | core/lsu/dmmu.dmmu/tlb.tlb/tlbcam/camlines[26]/pagetypeflop/q_reg[0]_CE_cooolgate_en_sig_42        |                                                                                |                1 |              2 |         2.00 |
|  HCLK_OBUF_BUFG | core/ifu/immu.immu/tlb.tlb/tlbcam/camlines[16]/pagetypeflop/q_reg[0]_CE_cooolgate_en_sig_93        |                                                                                |                1 |              2 |         2.00 |
|  HCLK_OBUF_BUFG | core/ifu/immu.immu/tlb.tlb/tlbcam/camlines[11]/pagetypeflop/q_reg[0]_CE_cooolgate_en_sig_78        |                                                                                |                1 |              2 |         2.00 |
|  HCLK_OBUF_BUFG | core/ifu/immu.immu/tlb.tlb/tlbcam/camlines[19]/pagetypeflop/q_reg[0]_CE_cooolgate_en_sig_102       |                                                                                |                1 |              2 |         2.00 |
|  HCLK_OBUF_BUFG | core/ifu/immu.immu/tlb.tlb/tlbcam/camlines[26]/pagetypeflop/q_reg[0]_CE_cooolgate_en_sig_30        |                                                                                |                1 |              2 |         2.00 |
|  HCLK_OBUF_BUFG | core/lsu/dmmu.dmmu/tlb.tlb/tlbcam/camlines[2]/pagetypeflop/q_reg[0]_CE_cooolgate_en_sig_72         |                                                                                |                1 |              2 |         2.00 |
|  HCLK_OBUF_BUFG | core/lsu/dmmu.dmmu/tlb.tlb/tlbcam/camlines[6]/pagetypeflop/q_reg[0]_CE_cooolgate_en_sig_177        |                                                                                |                1 |              2 |         2.00 |
|  HCLK_OBUF_BUFG |                                                                                                    | core/ieu/c/controlregD/FlushD                                                  |                2 |              3 |         1.50 |
|  HCLK_OBUF_BUFG | core/lsu/bus.dcache.ahbcacheinterface/AHBBuscachefsm/BeatCountReg/q_reg[0]_CE_cooolgate_en_sig_196 | core/lsu/bus.dcache.ahbcacheinterface/AHBBuscachefsm/BeatCountDelayedReg/SR[0] |                1 |              3 |         3.00 |
|  HCLK_OBUF_BUFG | core/ebu.ebu/ebufsmarb/BeatCounter/cntrflop/q_reg[1]_CE_cooolgate_en_sig_197                       | core/ebu.ebu/ebufsmarb/BeatCounter/cntrflop/reset0                             |                1 |              3 |         3.00 |
|  HCLK_OBUF_BUFG | core/lsu/hptw.hptw/WalkerStateReg/FSM_sequential_CurrState_reg[1]                                  | core/lsu/hptw.hptw/WalkerStateReg/state_reg[1]_2[0]                            |                1 |              3 |         3.00 |
|  HCLK_OBUF_BUFG | core/lsu/hptw.hptw/WalkerStateReg/FSM_sequential_CurrState_reg[1]                                  | core/lsu/hptw.hptw/WalkerStateReg/state_reg[1]_0[0]                            |                1 |              3 |         3.00 |
|  HCLK_OBUF_BUFG | core/lsu/hptw.hptw/WalkerStateReg/FSM_sequential_CurrState_reg[1]                                  | core/lsu/hptw.hptw/WalkerStateReg/q_reg[0]_5[0]                                |                1 |              3 |         3.00 |
|  HCLK_OBUF_BUFG | core/lsu/bus.dcache.ahbcacheinterface/AHBBuscachefsm/BeatCountDelayedReg/E[0]                      | core/lsu/bus.dcache.ahbcacheinterface/AHBBuscachefsm/BeatCountDelayedReg/SR[0] |                2 |              3 |         1.50 |
|  HCLK_OBUF_BUFG | core/ifu/bus.icache.ahbcacheinterface/AHBBuscachefsm/BeatCountReg/IFUSave                          |                                                                                |                1 |              3 |         3.00 |
|  HCLK_OBUF_BUFG | core/ifu/immu.immu/tlb.tlb/tlbcam/camlines[14]/keyflop/q_reg[0]_CE_cooolgate_en_sig_86             |                                                                                |                1 |              4 |         4.00 |
|  HCLK_OBUF_BUFG | core/ifu/immu.immu/tlb.tlb/tlbcam/camlines[13]/keyflop/q_reg[0]_CE_cooolgate_en_sig_83             |                                                                                |                1 |              4 |         4.00 |
|  HCLK_OBUF_BUFG | core/ifu/immu.immu/tlb.tlb/tlbcam/camlines[19]/keyflop/q_reg[0]_CE_cooolgate_en_sig_101            |                                                                                |                1 |              4 |         4.00 |
|  HCLK_OBUF_BUFG | core/ifu/immu.immu/tlb.tlb/tlbcam/camlines[29]/keyflop/q_reg[0]_CE_cooolgate_en_sig_56             |                                                                                |                1 |              4 |         4.00 |
|  HCLK_OBUF_BUFG | core/lsu/dmmu.dmmu/tlb.tlb/tlbcam/camlines[29]/keyflop/q_reg[0]_CE_cooolgate_en_sig_68             |                                                                                |                3 |              4 |         1.33 |
|  HCLK_OBUF_BUFG | core/lsu/dmmu.dmmu/tlb.tlb/tlbcam/camlines[4]/keyflop/q_reg[0]_CE_cooolgate_en_sig_23              |                                                                                |                2 |              4 |         2.00 |
|  HCLK_OBUF_BUFG | core/ifu/immu.immu/tlb.tlb/tlbcam/camlines[7]/keyflop/q_reg[0]_CE_cooolgate_en_sig_122             |                                                                                |                1 |              4 |         4.00 |
|  HCLK_OBUF_BUFG | core/ifu/immu.immu/tlb.tlb/tlbcam/camlines[4]/keyflop/q_reg[0]_CE_cooolgate_en_sig_11              |                                                                                |                1 |              4 |         4.00 |
|  HCLK_OBUF_BUFG | core/ifu/immu.immu/tlb.tlb/tlbcam/camlines[22]/keyflop/q_reg[0]_CE_cooolgate_en_sig_2              |                                                                                |                2 |              4 |         2.00 |
|  HCLK_OBUF_BUFG | core/lsu/dmmu.dmmu/tlb.tlb/tlbcam/camlines[26]/keyflop/q_reg[0]_CE_cooolgate_en_sig_41             |                                                                                |                2 |              4 |         2.00 |
|  HCLK_OBUF_BUFG | core/lsu/dmmu.dmmu/tlb.tlb/tlbcam/camlines[31]/keyflop/q_reg[0]_CE_cooolgate_en_sig_20             |                                                                                |                3 |              4 |         1.33 |
|  HCLK_OBUF_BUFG | core/ifu/immu.immu/tlb.tlb/tlbcam/camlines[23]/keyflop/q_reg[0]_CE_cooolgate_en_sig_107            |                                                                                |                1 |              4 |         4.00 |
|  HCLK_OBUF_BUFG | core/ifu/immu.immu/tlb.tlb/tlbcam/camlines[11]/keyflop/q_reg[0]_CE_cooolgate_en_sig_77             |                                                                                |                1 |              4 |         4.00 |
|  HCLK_OBUF_BUFG | core/lsu/dmmu.dmmu/tlb.tlb/tlbcam/camlines[28]/keyflop/q_reg[0]_CE_cooolgate_en_sig_170            |                                                                                |                1 |              4 |         4.00 |
|  HCLK_OBUF_BUFG | core/lsu/dmmu.dmmu/tlb.tlb/tlbcam/camlines[27]/keyflop/q_reg[0]_CE_cooolgate_en_sig_17             |                                                                                |                1 |              4 |         4.00 |
|  HCLK_OBUF_BUFG | core/ifu/immu.immu/tlb.tlb/tlbcam/camlines[15]/keyflop/q_reg[0]_CE_cooolgate_en_sig_89             |                                                                                |                1 |              4 |         4.00 |
|  HCLK_OBUF_BUFG | core/ifu/immu.immu/tlb.tlb/tlbcam/camlines[3]/keyflop/q_reg[0]_CE_cooolgate_en_sig_35              |                                                                                |                1 |              4 |         4.00 |
|  HCLK_OBUF_BUFG | core/lsu/dmmu.dmmu/tlb.tlb/tlbcam/camlines[21]/keyflop/q_reg[0]_CE_cooolgate_en_sig_38             |                                                                                |                3 |              4 |         1.33 |
|  HCLK_OBUF_BUFG | core/ifu/immu.immu/tlb.tlb/tlbcam/camlines[12]/keyflop/q_reg[0]_CE_cooolgate_en_sig_80             |                                                                                |                1 |              4 |         4.00 |
|  HCLK_OBUF_BUFG | core/ifu/immu.immu/tlb.tlb/tlbcam/camlines[28]/keyflop/q_reg[0]_CE_cooolgate_en_sig_113            |                                                                                |                1 |              4 |         4.00 |
|  HCLK_OBUF_BUFG | core/ifu/immu.immu/tlb.tlb/tlbcam/camlines[18]/keyflop/q_reg[0]_CE_cooolgate_en_sig_98             |                                                                                |                1 |              4 |         4.00 |
|  HCLK_OBUF_BUFG | core/lsu/dmmu.dmmu/tlb.tlb/tlbcam/camlines[30]/keyflop/q_reg[0]_CE_cooolgate_en_sig_44             |                                                                                |                2 |              4 |         2.00 |
|  HCLK_OBUF_BUFG | core/ifu/immu.immu/tlb.tlb/tlbcam/camlines[30]/keyflop/q_reg[0]_CE_cooolgate_en_sig_32             |                                                                                |                1 |              4 |         4.00 |
|  HCLK_OBUF_BUFG | core/ifu/immu.immu/tlb.tlb/tlbcam/camlines[1]/keyflop/q_reg[0]_CE_cooolgate_en_sig_104             |                                                                                |                1 |              4 |         4.00 |
|  HCLK_OBUF_BUFG | core/lsu/dmmu.dmmu/tlb.tlb/tlbcam/camlines[22]/keyflop/q_reg[0]_CE_cooolgate_en_sig_14             |                                                                                |                1 |              4 |         4.00 |
|  HCLK_OBUF_BUFG | core/lsu/dmmu.dmmu/tlb.tlb/tlbcam/camlines[25]/keyflop/q_reg[0]_CE_cooolgate_en_sig_65             |                                                                                |                2 |              4 |         2.00 |
|  HCLK_OBUF_BUFG | core/lsu/dmmu.dmmu/tlb.tlb/tlbcam/camlines[24]/keyflop/q_reg[0]_CE_cooolgate_en_sig_167            |                                                                                |                1 |              4 |         4.00 |
|  HCLK_OBUF_BUFG | core/ifu/immu.immu/tlb.tlb/tlbcam/camlines[0]/keyflop/q_reg[0]_CE_cooolgate_en_sig_188             |                                                                                |                1 |              4 |         4.00 |
|  HCLK_OBUF_BUFG | core/ifu/immu.immu/tlb.tlb/tlbcam/camlines[20]/keyflop/q_reg[0]_CE_cooolgate_en_sig_50             |                                                                                |                1 |              4 |         4.00 |
|  HCLK_OBUF_BUFG | core/ifu/immu.immu/tlb.tlb/tlbcam/camlines[26]/keyflop/q_reg[0]_CE_cooolgate_en_sig_29             |                                                                                |                1 |              4 |         4.00 |
|  HCLK_OBUF_BUFG | core/ifu/immu.immu/tlb.tlb/tlbcam/camlines[17]/keyflop/q_reg[0]_CE_cooolgate_en_sig_95             |                                                                                |                1 |              4 |         4.00 |
|  HCLK_OBUF_BUFG | core/ifu/immu.immu/tlb.tlb/tlbcam/camlines[31]/keyflop/q_reg[0]_CE_cooolgate_en_sig_8              |                                                                                |                1 |              4 |         4.00 |
|  HCLK_OBUF_BUFG | core/lsu/dmmu.dmmu/tlb.tlb/tlbcam/camlines[0]/keyflop/q_reg[0]_CE_cooolgate_en_sig_193             |                                                                                |                1 |              4 |         4.00 |
|  HCLK_OBUF_BUFG | core/ifu/immu.immu/tlb.tlb/tlbcam/camlines[21]/keyflop/q_reg[0]_CE_cooolgate_en_sig_26             |                                                                                |                2 |              4 |         2.00 |
|  HCLK_OBUF_BUFG | core/ifu/immu.immu/tlb.tlb/tlbcam/camlines[9]/keyflop/q_reg[0]_CE_cooolgate_en_sig_128             |                                                                                |                1 |              4 |         4.00 |
|  HCLK_OBUF_BUFG | core/lsu/dmmu.dmmu/tlb.tlb/tlbcam/camlines[15]/keyflop/q_reg[0]_CE_cooolgate_en_sig_146            |                                                                                |                3 |              4 |         1.33 |
|  HCLK_OBUF_BUFG | core/lsu/dmmu.dmmu/tlb.tlb/tlbcam/camlines[7]/keyflop/q_reg[0]_CE_cooolgate_en_sig_179             |                                                                                |                2 |              4 |         2.00 |
|  HCLK_OBUF_BUFG | core/lsu/dmmu.dmmu/tlb.tlb/tlbcam/camlines[3]/keyflop/q_reg[0]_CE_cooolgate_en_sig_47              |                                                                                |                1 |              4 |         4.00 |
|  HCLK_OBUF_BUFG | core/lsu/dmmu.dmmu/tlb.tlb/tlbcam/camlines[6]/keyflop/q_reg[0]_CE_cooolgate_en_sig_176             |                                                                                |                2 |              4 |         2.00 |
|  HCLK_OBUF_BUFG | core/ifu/immu.immu/tlb.tlb/tlbcam/camlines[6]/keyflop/q_reg[0]_CE_cooolgate_en_sig_119             |                                                                                |                1 |              4 |         4.00 |
|  HCLK_OBUF_BUFG | core/lsu/dmmu.dmmu/tlb.tlb/tlbcam/camlines[23]/keyflop/q_reg[0]_CE_cooolgate_en_sig_164            |                                                                                |                2 |              4 |         2.00 |
|  HCLK_OBUF_BUFG | core/lsu/bus.dcache.dcache/cachefsm/E[0]                                                           |                                                                                |                1 |              4 |         4.00 |
|  HCLK_OBUF_BUFG | core/ifu/immu.immu/tlb.tlb/tlbcam/camlines[8]/keyflop/q_reg[0]_CE_cooolgate_en_sig_125             |                                                                                |                1 |              4 |         4.00 |
|  HCLK_OBUF_BUFG | core/lsu/dmmu.dmmu/tlb.tlb/tlbcam/camlines[10]/keyflop/q_reg[0]_CE_cooolgate_en_sig_131            |                                                                                |                2 |              4 |         2.00 |
|  HCLK_OBUF_BUFG | core/lsu/dmmu.dmmu/tlb.tlb/tlbcam/camlines[9]/keyflop/q_reg[0]_CE_cooolgate_en_sig_185             |                                                                                |                2 |              4 |         2.00 |
|  HCLK_OBUF_BUFG | core/lsu/dmmu.dmmu/tlb.tlb/tlbcam/camlines[18]/keyflop/q_reg[0]_CE_cooolgate_en_sig_155            |                                                                                |                2 |              4 |         2.00 |
|  HCLK_OBUF_BUFG | core/ebu.ebu/ebufsmarb/ifureqreg/LSUHREADY                                                         |                                                                                |                2 |              4 |         2.00 |
|  HCLK_OBUF_BUFG | core/ebu.ebu/ebufsmarb/ifureqreg/LSUHREADY                                                         | core/ebu.ebu/ebufsmarb/busreg/q_reg[0]_4                                       |                1 |              4 |         4.00 |
|  HCLK_OBUF_BUFG | core/lsu/dmmu.dmmu/tlb.tlb/tlbcam/camlines[12]/keyflop/q_reg[0]_CE_cooolgate_en_sig_137            |                                                                                |                2 |              4 |         2.00 |
|  HCLK_OBUF_BUFG | core/ifu/immu.immu/tlb.tlb/tlbcam/camlines[5]/keyflop/q_reg[0]_CE_cooolgate_en_sig_116             |                                                                                |                1 |              4 |         4.00 |
|  HCLK_OBUF_BUFG | core/lsu/dmmu.dmmu/tlb.tlb/tlbcam/camlines[13]/keyflop/q_reg[0]_CE_cooolgate_en_sig_140            |                                                                                |                2 |              4 |         2.00 |
|  HCLK_OBUF_BUFG | core/lsu/dmmu.dmmu/tlb.tlb/tlbcam/camlines[11]/keyflop/q_reg[0]_CE_cooolgate_en_sig_134            |                                                                                |                1 |              4 |         4.00 |
|  HCLK_OBUF_BUFG | core/ifu/immu.immu/tlb.tlb/tlbcam/camlines[2]/keyflop/q_reg[0]_CE_cooolgate_en_sig_59              |                                                                                |                1 |              4 |         4.00 |
|  HCLK_OBUF_BUFG | core/lsu/dmmu.dmmu/tlb.tlb/tlbcam/camlines[17]/keyflop/q_reg[0]_CE_cooolgate_en_sig_152            |                                                                                |                1 |              4 |         4.00 |
|  HCLK_OBUF_BUFG | core/ifu/immu.immu/tlb.tlb/tlbcam/camlines[27]/keyflop/q_reg[0]_CE_cooolgate_en_sig_5              |                                                                                |                1 |              4 |         4.00 |
|  HCLK_OBUF_BUFG | core/lsu/dmmu.dmmu/tlb.tlb/tlbcam/camlines[2]/keyflop/q_reg[0]_CE_cooolgate_en_sig_71              |                                                                                |                2 |              4 |         2.00 |
|  HCLK_OBUF_BUFG | core/lsu/dmmu.dmmu/tlb.tlb/tlbcam/camlines[19]/keyflop/q_reg[0]_CE_cooolgate_en_sig_158            |                                                                                |                1 |              4 |         4.00 |
|  HCLK_OBUF_BUFG | core/lsu/dmmu.dmmu/tlb.tlb/tlbcam/camlines[8]/keyflop/q_reg[0]_CE_cooolgate_en_sig_182             |                                                                                |                2 |              4 |         2.00 |
|  HCLK_OBUF_BUFG | core/lsu/dmmu.dmmu/tlb.tlb/tlbcam/camlines[20]/keyflop/q_reg[0]_CE_cooolgate_en_sig_62             |                                                                                |                2 |              4 |         2.00 |
|  HCLK_OBUF_BUFG | core/lsu/dmmu.dmmu/tlb.tlb/tlbcam/camlines[14]/keyflop/q_reg[0]_CE_cooolgate_en_sig_143            |                                                                                |                2 |              4 |         2.00 |
|  HCLK_OBUF_BUFG | core/ifu/immu.immu/tlb.tlb/tlbcam/camlines[16]/keyflop/q_reg[0]_CE_cooolgate_en_sig_92             |                                                                                |                1 |              4 |         4.00 |
|  HCLK_OBUF_BUFG | core/lsu/dmmu.dmmu/tlb.tlb/tlbcam/camlines[16]/keyflop/q_reg[0]_CE_cooolgate_en_sig_149            |                                                                                |                1 |              4 |         4.00 |
|  HCLK_OBUF_BUFG | core/ifu/immu.immu/tlb.tlb/tlbcam/camlines[24]/keyflop/q_reg[0]_CE_cooolgate_en_sig_110            |                                                                                |                1 |              4 |         4.00 |
|  HCLK_OBUF_BUFG | core/ifu/immu.immu/tlb.tlb/tlbcam/camlines[10]/keyflop/q_reg[0]_CE_cooolgate_en_sig_74             |                                                                                |                1 |              4 |         4.00 |
|  HCLK_OBUF_BUFG | core/ifu/immu.immu/tlb.tlb/tlbcam/camlines[25]/keyflop/q_reg[0]_CE_cooolgate_en_sig_53             |                                                                                |                1 |              4 |         4.00 |
|  HCLK_OBUF_BUFG | core/lsu/dmmu.dmmu/tlb.tlb/tlbcam/camlines[1]/keyflop/q_reg[0]_CE_cooolgate_en_sig_161             |                                                                                |                3 |              4 |         1.33 |
|  HCLK_OBUF_BUFG | core/lsu/dmmu.dmmu/tlb.tlb/tlbcam/camlines[5]/keyflop/q_reg[0]_CE_cooolgate_en_sig_173             |                                                                                |                2 |              4 |         2.00 |
|  HCLK_OBUF_BUFG | core/lsu/bus.dcache.dcache/flushlogic.FlushAdrReg/q_reg[0]_CE_cooolgate_en_sig_191                 | core/lsu/bus.dcache.dcache/flushlogic.FlushAdrReg/FlushCntRst                  |                1 |              6 |         6.00 |
|  HCLK_OBUF_BUFG | core/ifu/bus.icache.ahbcacheinterface/AHBBuscachefsm/BeatCountDelayedReg/E[0]                      | core/ifu/bus.icache.ahbcacheinterface/AHBBuscachefsm/BeatCountDelayedReg/SR[0] |                2 |              6 |         3.00 |
|  HCLK_OBUF_BUFG |                                                                                                    | core/lsu/hptw.hptw/WalkerStateReg/IgnoreRequest                                |                4 |              8 |         2.00 |
|  HCLK_OBUF_BUFG | core/lsu/hptw.hptw/WalkerStateReg/hptwwrites.SaveHPTWAdr                                           |                                                                                |                4 |              9 |         2.25 |
|  HCLK_OBUF_BUFG | core/ifu/immu.immu/tlb.tlb/tlbcam/camlines[18]/pagetypeflop/q_reg[1]_0                             | core/ifu/immu.immu/tlb.tlb/lru/lrustate/q[31]_i_1_n_0                          |               14 |             32 |         2.29 |
|  HCLK_OBUF_BUFG | core/lsu/dmmu.dmmu/tlb.tlb/tlbcam/camlines[10]/validbitflop/q_reg[1]                               | core/lsu/dmmu.dmmu/tlb.tlb/lru/lrustate/q[31]_i_1__0_n_0                       |               26 |             32 |         1.23 |
|  HCLK_OBUF_BUFG |                                                                                                    |                                                                                |               43 |             44 |         1.02 |
|  HCLK_OBUF_BUFG | core/lsu/hptw.hptw/WalkerStateReg/FSM_sequential_CurrState_reg[1]                                  | core/lsu/hptw.hptw/WalkerStateReg/SR[0]                                        |               16 |             64 |         4.00 |
|  HCLK_OBUF_BUFG | core/lsu/hptw.hptw/WalkerStateReg/FSM_sequential_CurrState_reg[1]                                  |                                                                                |               30 |            126 |         4.20 |
+-----------------+----------------------------------------------------------------------------------------------------+--------------------------------------------------------------------------------+------------------+----------------+--------------+


